[1.143s] Invoking command in '/home/namgeonwoo/COSHOW/ros2_ws/build/crazyflie_py': AMENT_PREFIX_PATH=/home/namgeonwoo/COSHOW/ros2_ws/install/crazyflie_interfaces:${AMENT_PREFIX_PATH} CMAKE_PREFIX_PATH=/home/namgeonwoo/COSHOW/ros2_ws/install/crazyflie_interfaces:${CMAKE_PREFIX_PATH} DEBUGINFOD_URLS=https://debuginfod.ubuntu.com LD_LIBRARY_PATH=/home/namgeonwoo/COSHOW/ros2_ws/install/crazyflie_interfaces/lib:${LD_LIBRARY_PATH} PYTHONPATH=/home/namgeonwoo/COSHOW/ros2_ws/build/crazyflie_py/prefix_override:/usr/lib/python3/dist-packages/colcon_core/task/python/colcon_distutils_commands:/home/namgeonwoo/COSHOW/ros2_ws/install/crazyflie_py/lib/python3.12/site-packages:/home/namgeonwoo/COSHOW/ros2_ws/install/crazyflie_interfaces/lib/python3.12/site-packages:${PYTHONPATH} /usr/bin/python3 -W ignore:setup.py install is deprecated -W ignore:easy_install command is deprecated setup.py develop --editable --build-directory /home/namgeonwoo/COSHOW/ros2_ws/build/crazyflie_py/build --no-deps symlink_data
[1.416s] running develop
[1.576s] running egg_info
[1.576s] creating crazyflie_py.egg-info
[1.592s] writing crazyflie_py.egg-info/PKG-INFO
[1.592s] writing dependency_links to crazyflie_py.egg-info/dependency_links.txt
[1.592s] writing requirements to crazyflie_py.egg-info/requires.txt
[1.592s] writing top-level names to crazyflie_py.egg-info/top_level.txt
[1.593s] writing manifest file 'crazyflie_py.egg-info/SOURCES.txt'
[1.627s] reading manifest file 'crazyflie_py.egg-info/SOURCES.txt'
[1.628s] writing manifest file 'crazyflie_py.egg-info/SOURCES.txt'
[1.648s] running build_ext
[1.648s] Creating /home/namgeonwoo/COSHOW/ros2_ws/install/crazyflie_py/lib/python3.12/site-packages/crazyflie-py.egg-link (link to .)
[1.648s] 
[1.648s] Installed /home/namgeonwoo/COSHOW/ros2_ws/build/crazyflie_py
[1.648s] running symlink_data
[1.648s] creating /home/namgeonwoo/COSHOW/ros2_ws/install/crazyflie_py/share/ament_index
[1.649s] creating /home/namgeonwoo/COSHOW/ros2_ws/install/crazyflie_py/share/ament_index/resource_index
[1.649s] creating /home/namgeonwoo/COSHOW/ros2_ws/install/crazyflie_py/share/ament_index/resource_index/packages
[1.649s] symbolically linking /home/namgeonwoo/COSHOW/ros2_ws/build/crazyflie_py/resource/crazyflie_py -> /home/namgeonwoo/COSHOW/ros2_ws/install/crazyflie_py/share/ament_index/resource_index/packages
[1.649s] symbolically linking /home/namgeonwoo/COSHOW/ros2_ws/build/crazyflie_py/package.xml -> /home/namgeonwoo/COSHOW/ros2_ws/install/crazyflie_py/share/crazyflie_py
[1.679s] Invoked command in '/home/namgeonwoo/COSHOW/ros2_ws/build/crazyflie_py' returned '0': AMENT_PREFIX_PATH=/home/namgeonwoo/COSHOW/ros2_ws/install/crazyflie_interfaces:${AMENT_PREFIX_PATH} CMAKE_PREFIX_PATH=/home/namgeonwoo/COSHOW/ros2_ws/install/crazyflie_interfaces:${CMAKE_PREFIX_PATH} DEBUGINFOD_URLS=https://debuginfod.ubuntu.com LD_LIBRARY_PATH=/home/namgeonwoo/COSHOW/ros2_ws/install/crazyflie_interfaces/lib:${LD_LIBRARY_PATH} PYTHONPATH=/home/namgeonwoo/COSHOW/ros2_ws/build/crazyflie_py/prefix_override:/usr/lib/python3/dist-packages/colcon_core/task/python/colcon_distutils_commands:/home/namgeonwoo/COSHOW/ros2_ws/install/crazyflie_py/lib/python3.12/site-packages:/home/namgeonwoo/COSHOW/ros2_ws/install/crazyflie_interfaces/lib/python3.12/site-packages:${PYTHONPATH} /usr/bin/python3 -W ignore:setup.py install is deprecated -W ignore:easy_install command is deprecated setup.py develop --editable --build-directory /home/namgeonwoo/COSHOW/ros2_ws/build/crazyflie_py/build --no-deps symlink_data
