[1.101s] Invoking command in '/home/namgeonwoo/COSHOW/ros2_ws/build/crazyflie_server_py': AMENT_PREFIX_PATH=/home/namgeonwoo/COSHOW/ros2_ws/install/crazyflie_interfaces:${AMENT_PREFIX_PATH} CMAKE_PREFIX_PATH=/home/namgeonwoo/COSHOW/ros2_ws/install/crazyflie_interfaces:${CMAKE_PREFIX_PATH} DEBUGINFOD_URLS=https://debuginfod.ubuntu.com LD_LIBRARY_PATH=/home/namgeonwoo/COSHOW/ros2_ws/install/crazyflie_interfaces/lib:${LD_LIBRARY_PATH} PYTHONPATH=/home/namgeonwoo/COSHOW/ros2_ws/build/crazyflie_server_py/prefix_override:/usr/lib/python3/dist-packages/colcon_core/task/python/colcon_distutils_commands:/home/namgeonwoo/COSHOW/ros2_ws/install/crazyflie_server_py/lib/python3.12/site-packages:/home/namgeonwoo/COSHOW/ros2_ws/install/crazyflie_interfaces/lib/python3.12/site-packages:${PYTHONPATH} /usr/bin/python3 -W ignore:setup.py install is deprecated -W ignore:easy_install command is deprecated setup.py develop --editable --build-directory /home/namgeonwoo/COSHOW/ros2_ws/build/crazyflie_server_py/build --no-deps symlink_data
[1.336s] running develop
[1.561s] running egg_info
[1.561s] creating crazyflie_server_py.egg-info
[1.581s] writing crazyflie_server_py.egg-info/PKG-INFO
[1.582s] writing dependency_links to crazyflie_server_py.egg-info/dependency_links.txt
[1.582s] writing entry points to crazyflie_server_py.egg-info/entry_points.txt
[1.582s] writing requirements to crazyflie_server_py.egg-info/requires.txt
[1.582s] writing top-level names to crazyflie_server_py.egg-info/top_level.txt
[1.582s] writing manifest file 'crazyflie_server_py.egg-info/SOURCES.txt'
[1.624s] reading manifest file 'crazyflie_server_py.egg-info/SOURCES.txt'
[1.625s] writing manifest file 'crazyflie_server_py.egg-info/SOURCES.txt'
[1.648s] running build_ext
[1.649s] Creating /home/namgeonwoo/COSHOW/ros2_ws/install/crazyflie_server_py/lib/python3.12/site-packages/crazyflie-server-py.egg-link (link to .)
[1.649s] Installing crazyflie_server script to /home/namgeonwoo/COSHOW/ros2_ws/install/crazyflie_server_py/lib/crazyflie_server_py
[1.650s] 
[1.650s] Installed /home/namgeonwoo/COSHOW/ros2_ws/build/crazyflie_server_py
[1.650s] running symlink_data
[1.650s] creating /home/namgeonwoo/COSHOW/ros2_ws/install/crazyflie_server_py/share/ament_index
[1.650s] creating /home/namgeonwoo/COSHOW/ros2_ws/install/crazyflie_server_py/share/ament_index/resource_index
[1.650s] creating /home/namgeonwoo/COSHOW/ros2_ws/install/crazyflie_server_py/share/ament_index/resource_index/packages
[1.650s] symbolically linking /home/namgeonwoo/COSHOW/ros2_ws/build/crazyflie_server_py/resource/crazyflie_server_py -> /home/namgeonwoo/COSHOW/ros2_ws/install/crazyflie_server_py/share/ament_index/resource_index/packages
[1.650s] symbolically linking /home/namgeonwoo/COSHOW/ros2_ws/build/crazyflie_server_py/package.xml -> /home/namgeonwoo/COSHOW/ros2_ws/install/crazyflie_server_py/share/crazyflie_server_py
[1.689s] Invoked command in '/home/namgeonwoo/COSHOW/ros2_ws/build/crazyflie_server_py' returned '0': AMENT_PREFIX_PATH=/home/namgeonwoo/COSHOW/ros2_ws/install/crazyflie_interfaces:${AMENT_PREFIX_PATH} CMAKE_PREFIX_PATH=/home/namgeonwoo/COSHOW/ros2_ws/install/crazyflie_interfaces:${CMAKE_PREFIX_PATH} DEBUGINFOD_URLS=https://debuginfod.ubuntu.com LD_LIBRARY_PATH=/home/namgeonwoo/COSHOW/ros2_ws/install/crazyflie_interfaces/lib:${LD_LIBRARY_PATH} PYTHONPATH=/home/namgeonwoo/COSHOW/ros2_ws/build/crazyflie_server_py/prefix_override:/usr/lib/python3/dist-packages/colcon_core/task/python/colcon_distutils_commands:/home/namgeonwoo/COSHOW/ros2_ws/install/crazyflie_server_py/lib/python3.12/site-packages:/home/namgeonwoo/COSHOW/ros2_ws/install/crazyflie_interfaces/lib/python3.12/site-packages:${PYTHONPATH} /usr/bin/python3 -W ignore:setup.py install is deprecated -W ignore:easy_install command is deprecated setup.py develop --editable --build-directory /home/namgeonwoo/COSHOW/ros2_ws/build/crazyflie_server_py/build --no-deps symlink_data
