[0.010s] Invoking command in '/home/namgeonwoo/COSHOW/ros2_ws/build/crazyflie_description': CMAKE_PREFIX_PATH=${CMAKE_PREFIX_PATH}:/opt/ros/jazzy DEBUGINFOD_URLS=https://debuginfod.ubuntu.com /usr/bin/cmake /home/namgeonwoo/COSHOW/ros2_ws/src/crazyswarm2/crazyflie_description -DAMENT_CMAKE_SYMLINK_INSTALL=1 -DCMAKE_INSTALL_PREFIX=/home/namgeonwoo/COSHOW/ros2_ws/install/crazyflie_description
[0.100s] -- The C compiler identification is GNU 13.3.0
[0.170s] -- The CXX compiler identification is GNU 13.3.0
[0.187s] -- Detecting C compiler ABI info
[0.266s] -- Detecting C compiler ABI info - done
[0.271s] -- Check for working C compiler: /usr/bin/cc - skipped
[0.271s] -- Detecting C compile features
[0.272s] -- Detecting C compile features - done
[0.280s] -- Detecting CXX compiler ABI info
[0.368s] -- Detecting CXX compiler ABI info - done
[0.374s] -- Check for working CXX compiler: /usr/bin/c++ - skipped
[0.374s] -- Detecting CXX compile features
[0.375s] -- Detecting CXX compile features - done
[0.376s] -- Found ament_cmake: 2.5.6 (/opt/ros/jazzy/share/ament_cmake/cmake)
[0.474s] -- Found Python3: /usr/bin/python3 (found version "3.12.3") found components: Interpreter 
[0.527s] -- Override CMake install command with custom implementation using symlinks instead of copying resources
[0.614s] -- Configuring done (0.6s)
[0.615s] -- Generating done (0.0s)
[0.617s] -- Build files have been written to: /home/namgeonwoo/COSHOW/ros2_ws/build/crazyflie_description
[0.622s] Invoked command in '/home/namgeonwoo/COSHOW/ros2_ws/build/crazyflie_description' returned '0': CMAKE_PREFIX_PATH=${CMAKE_PREFIX_PATH}:/opt/ros/jazzy DEBUGINFOD_URLS=https://debuginfod.ubuntu.com /usr/bin/cmake /home/namgeonwoo/COSHOW/ros2_ws/src/crazyswarm2/crazyflie_description -DAMENT_CMAKE_SYMLINK_INSTALL=1 -DCMAKE_INSTALL_PREFIX=/home/namgeonwoo/COSHOW/ros2_ws/install/crazyflie_description
[0.625s] Invoking command in '/home/namgeonwoo/COSHOW/ros2_ws/build/crazyflie_description': CMAKE_PREFIX_PATH=${CMAKE_PREFIX_PATH}:/opt/ros/jazzy DEBUGINFOD_URLS=https://debuginfod.ubuntu.com /usr/bin/cmake --build /home/namgeonwoo/COSHOW/ros2_ws/build/crazyflie_description -- -j22 -l22
[0.655s] Invoked command in '/home/namgeonwoo/COSHOW/ros2_ws/build/crazyflie_description' returned '0': CMAKE_PREFIX_PATH=${CMAKE_PREFIX_PATH}:/opt/ros/jazzy DEBUGINFOD_URLS=https://debuginfod.ubuntu.com /usr/bin/cmake --build /home/namgeonwoo/COSHOW/ros2_ws/build/crazyflie_description -- -j22 -l22
[0.661s] Invoking command in '/home/namgeonwoo/COSHOW/ros2_ws/build/crazyflie_description': CMAKE_PREFIX_PATH=${CMAKE_PREFIX_PATH}:/opt/ros/jazzy DEBUGINFOD_URLS=https://debuginfod.ubuntu.com /usr/bin/cmake --install /home/namgeonwoo/COSHOW/ros2_ws/build/crazyflie_description
[0.666s] -- Install configuration: ""
[0.666s] -- Execute custom install script
[0.667s] -- Symlinking: /home/namgeonwoo/COSHOW/ros2_ws/install/crazyflie_description/share/crazyflie_description//urdf/cf2_assembly.stl
[0.673s] -- Symlinking: /home/namgeonwoo/COSHOW/ros2_ws/install/crazyflie_description/share/crazyflie_description//urdf/cf2_assembly_with_props.dae
[0.680s] -- Symlinking: /home/namgeonwoo/COSHOW/ros2_ws/install/crazyflie_description/share/crazyflie_description//urdf/crazyflie_description.urdf
[0.687s] -- Symlinking: /home/namgeonwoo/COSHOW/ros2_ws/install/crazyflie_description/share/ament_index/resource_index/package_run_dependencies/crazyflie_description
[0.694s] -- Symlinking: /home/namgeonwoo/COSHOW/ros2_ws/install/crazyflie_description/share/ament_index/resource_index/parent_prefix_path/crazyflie_description
[0.702s] -- Symlinking: /home/namgeonwoo/COSHOW/ros2_ws/install/crazyflie_description/share/crazyflie_description/environment/ament_prefix_path.sh
[0.708s] -- Symlinking: /home/namgeonwoo/COSHOW/ros2_ws/install/crazyflie_description/share/crazyflie_description/environment/ament_prefix_path.dsv
[0.713s] -- Symlinking: /home/namgeonwoo/COSHOW/ros2_ws/install/crazyflie_description/share/crazyflie_description/environment/path.sh
[0.720s] -- Symlinking: /home/namgeonwoo/COSHOW/ros2_ws/install/crazyflie_description/share/crazyflie_description/environment/path.dsv
[0.726s] -- Symlinking: /home/namgeonwoo/COSHOW/ros2_ws/install/crazyflie_description/share/crazyflie_description/local_setup.bash
[0.732s] -- Symlinking: /home/namgeonwoo/COSHOW/ros2_ws/install/crazyflie_description/share/crazyflie_description/local_setup.sh
[0.740s] -- Symlinking: /home/namgeonwoo/COSHOW/ros2_ws/install/crazyflie_description/share/crazyflie_description/local_setup.zsh
[0.747s] -- Symlinking: /home/namgeonwoo/COSHOW/ros2_ws/install/crazyflie_description/share/crazyflie_description/local_setup.dsv
[0.753s] -- Symlinking: /home/namgeonwoo/COSHOW/ros2_ws/install/crazyflie_description/share/crazyflie_description/package.dsv
[0.760s] -- Symlinking: /home/namgeonwoo/COSHOW/ros2_ws/install/crazyflie_description/share/ament_index/resource_index/packages/crazyflie_description
[0.767s] -- Symlinking: /home/namgeonwoo/COSHOW/ros2_ws/install/crazyflie_description/share/crazyflie_description/cmake/crazyflie_descriptionConfig.cmake
[0.773s] -- Symlinking: /home/namgeonwoo/COSHOW/ros2_ws/install/crazyflie_description/share/crazyflie_description/cmake/crazyflie_descriptionConfig-version.cmake
[0.779s] -- Symlinking: /home/namgeonwoo/COSHOW/ros2_ws/install/crazyflie_description/share/crazyflie_description/package.xml
[0.788s] Invoked command in '/home/namgeonwoo/COSHOW/ros2_ws/build/crazyflie_description' returned '0': CMAKE_PREFIX_PATH=${CMAKE_PREFIX_PATH}:/opt/ros/jazzy DEBUGINFOD_URLS=https://debuginfod.ubuntu.com /usr/bin/cmake --install /home/namgeonwoo/COSHOW/ros2_ws/build/crazyflie_description
