[0.326s] Invoking command in '/home/namgeonwoo/COSHOW/ros2_ws/build/crazyflie_sim': AMENT_PREFIX_PATH=/home/namgeonwoo/COSHOW/ros2_ws/install/crazyflie_interfaces:${AMENT_PREFIX_PATH} CMAKE_PREFIX_PATH=/home/namgeonwoo/COSHOW/ros2_ws/install/crazyflie_interfaces:/opt/ros/jazzy/opt/sdformat_vendor:/opt/ros/jazzy/opt/gz_math_vendor:/opt/ros/jazzy/opt/gz_utils_vendor:/opt/ros/jazzy/opt/gz_tools_vendor:/opt/ros/jazzy/opt/gz_cmake_vendor:/opt/ros/jazzy DEBUGINFOD_URLS=https://debuginfod.ubuntu.com LD_LIBRARY_PATH=/home/namgeonwoo/COSHOW/ros2_ws/install/crazyflie_interfaces/lib:${LD_LIBRARY_PATH} PYTHONPATH=/home/namgeonwoo/COSHOW/ros2_ws/install/crazyflie_interfaces/lib/python3.12/site-packages:${PYTHONPATH} /usr/bin/cmake /home/namgeonwoo/COSHOW/ros2_ws/src/crazyswarm2/crazyflie_sim -DAMENT_CMAKE_SYMLINK_INSTALL=1 -DCMAKE_INSTALL_PREFIX=/home/namgeonwoo/COSHOW/ros2_ws/install/crazyflie_sim
[0.373s] -- The C compiler identification is GNU 13.3.0
[0.421s] -- The CXX compiler identification is GNU 13.3.0
[0.437s] -- Detecting C compiler ABI info
[0.505s] -- Detecting C compiler ABI info - done
[0.515s] -- Check for working C compiler: /usr/bin/cc - skipped
[0.515s] -- Detecting C compile features
[0.515s] -- Detecting C compile features - done
[0.521s] -- Detecting CXX compiler ABI info
[0.600s] -- Detecting CXX compiler ABI info - done
[0.606s] -- Check for working CXX compiler: /usr/bin/c++ - skipped
[0.606s] -- Detecting CXX compile features
[0.607s] -- Detecting CXX compile features - done
[0.608s] -- Found ament_cmake: 2.5.6 (/opt/ros/jazzy/share/ament_cmake/cmake)
[0.725s] -- Found Python3: /usr/bin/python3 (found version "3.12.3") found components: Interpreter 
[0.784s] -- Override CMake install command with custom implementation using symlinks instead of copying resources
[0.899s] -- Found ament_cmake_pytest: 2.5.6 (/opt/ros/jazzy/share/ament_cmake_pytest/cmake)
[1.673s] -- Configuring done (1.3s)
[1.678s] -- Generating done (0.0s)
[1.682s] -- Build files have been written to: /home/namgeonwoo/COSHOW/ros2_ws/build/crazyflie_sim
[1.698s] Invoked command in '/home/namgeonwoo/COSHOW/ros2_ws/build/crazyflie_sim' returned '0': AMENT_PREFIX_PATH=/home/namgeonwoo/COSHOW/ros2_ws/install/crazyflie_interfaces:${AMENT_PREFIX_PATH} CMAKE_PREFIX_PATH=/home/namgeonwoo/COSHOW/ros2_ws/install/crazyflie_interfaces:/opt/ros/jazzy/opt/sdformat_vendor:/opt/ros/jazzy/opt/gz_math_vendor:/opt/ros/jazzy/opt/gz_utils_vendor:/opt/ros/jazzy/opt/gz_tools_vendor:/opt/ros/jazzy/opt/gz_cmake_vendor:/opt/ros/jazzy DEBUGINFOD_URLS=https://debuginfod.ubuntu.com LD_LIBRARY_PATH=/home/namgeonwoo/COSHOW/ros2_ws/install/crazyflie_interfaces/lib:${LD_LIBRARY_PATH} PYTHONPATH=/home/namgeonwoo/COSHOW/ros2_ws/install/crazyflie_interfaces/lib/python3.12/site-packages:${PYTHONPATH} /usr/bin/cmake /home/namgeonwoo/COSHOW/ros2_ws/src/crazyswarm2/crazyflie_sim -DAMENT_CMAKE_SYMLINK_INSTALL=1 -DCMAKE_INSTALL_PREFIX=/home/namgeonwoo/COSHOW/ros2_ws/install/crazyflie_sim
[1.698s] Invoking command in '/home/namgeonwoo/COSHOW/ros2_ws/build/crazyflie_sim': AMENT_PREFIX_PATH=/home/namgeonwoo/COSHOW/ros2_ws/install/crazyflie_interfaces:${AMENT_PREFIX_PATH} CMAKE_PREFIX_PATH=/home/namgeonwoo/COSHOW/ros2_ws/install/crazyflie_interfaces:/opt/ros/jazzy/opt/sdformat_vendor:/opt/ros/jazzy/opt/gz_math_vendor:/opt/ros/jazzy/opt/gz_utils_vendor:/opt/ros/jazzy/opt/gz_tools_vendor:/opt/ros/jazzy/opt/gz_cmake_vendor:/opt/ros/jazzy DEBUGINFOD_URLS=https://debuginfod.ubuntu.com LD_LIBRARY_PATH=/home/namgeonwoo/COSHOW/ros2_ws/install/crazyflie_interfaces/lib:${LD_LIBRARY_PATH} PYTHONPATH=/home/namgeonwoo/COSHOW/ros2_ws/install/crazyflie_interfaces/lib/python3.12/site-packages:${PYTHONPATH} /usr/bin/cmake --build /home/namgeonwoo/COSHOW/ros2_ws/build/crazyflie_sim -- -j22 -l22
[1.748s] Built target ament_cmake_python_symlink_crazyflie_sim
[1.750s] Built target ament_cmake_python_symlink_crazyflie_sim_setup
[1.933s] running install_scripts
[1.962s] /usr/lib/python3/dist-packages/setuptools/_distutils/cmd.py:66: SetuptoolsDeprecationWarning: setup.py install is deprecated.
[1.962s] !!
[1.962s] 
[1.962s]         ********************************************************************************
[1.962s]         Please avoid running ``setup.py`` directly.
[1.962s]         Instead, use pypa/build, pypa/installer or other
[1.962s]         standards-based tools.
[1.962s] 
[1.962s]         See https://blog.ganssle.io/articles/2021/10/setup-py-deprecated.html for details.
[1.962s]         ********************************************************************************
[1.963s] 
[1.963s] !!
[1.963s]   self.initialize_options()
[1.967s] running egg_info
[1.974s] running egg_info
[1.975s] creating crazyflie_sim.egg-info
[1.992s] writing crazyflie_sim.egg-info/PKG-INFO
[1.992s] writing dependency_links to crazyflie_sim.egg-info/dependency_links.txt
[1.992s] writing entry points to crazyflie_sim.egg-info/entry_points.txt
[1.993s] writing top-level names to crazyflie_sim.egg-info/top_level.txt
[1.993s] writing manifest file 'crazyflie_sim.egg-info/SOURCES.txt'
[1.998s] writing crazyflie_sim.egg-info/PKG-INFO
[1.998s] writing dependency_links to crazyflie_sim.egg-info/dependency_links.txt
[1.998s] writing entry points to crazyflie_sim.egg-info/entry_points.txt
[1.998s] writing top-level names to crazyflie_sim.egg-info/top_level.txt
[2.028s] reading manifest file 'crazyflie_sim.egg-info/SOURCES.txt'
[2.028s] writing manifest file 'crazyflie_sim.egg-info/SOURCES.txt'
[2.053s] reading manifest file 'crazyflie_sim.egg-info/SOURCES.txt'
[2.054s] writing manifest file 'crazyflie_sim.egg-info/SOURCES.txt'
[2.085s] Built target ament_cmake_python_build_crazyflie_sim_egg
[2.119s] Installing crazyflie_server script to scripts
[2.149s] Built target ament_cmake_python_build_crazyflie_sim_scripts
[2.161s] Invoked command in '/home/namgeonwoo/COSHOW/ros2_ws/build/crazyflie_sim' returned '0': AMENT_PREFIX_PATH=/home/namgeonwoo/COSHOW/ros2_ws/install/crazyflie_interfaces:${AMENT_PREFIX_PATH} CMAKE_PREFIX_PATH=/home/namgeonwoo/COSHOW/ros2_ws/install/crazyflie_interfaces:/opt/ros/jazzy/opt/sdformat_vendor:/opt/ros/jazzy/opt/gz_math_vendor:/opt/ros/jazzy/opt/gz_utils_vendor:/opt/ros/jazzy/opt/gz_tools_vendor:/opt/ros/jazzy/opt/gz_cmake_vendor:/opt/ros/jazzy DEBUGINFOD_URLS=https://debuginfod.ubuntu.com LD_LIBRARY_PATH=/home/namgeonwoo/COSHOW/ros2_ws/install/crazyflie_interfaces/lib:${LD_LIBRARY_PATH} PYTHONPATH=/home/namgeonwoo/COSHOW/ros2_ws/install/crazyflie_interfaces/lib/python3.12/site-packages:${PYTHONPATH} /usr/bin/cmake --build /home/namgeonwoo/COSHOW/ros2_ws/build/crazyflie_sim -- -j22 -l22
[2.161s] Invoking command in '/home/namgeonwoo/COSHOW/ros2_ws/build/crazyflie_sim': AMENT_PREFIX_PATH=/home/namgeonwoo/COSHOW/ros2_ws/install/crazyflie_interfaces:${AMENT_PREFIX_PATH} CMAKE_PREFIX_PATH=/home/namgeonwoo/COSHOW/ros2_ws/install/crazyflie_interfaces:/opt/ros/jazzy/opt/sdformat_vendor:/opt/ros/jazzy/opt/gz_math_vendor:/opt/ros/jazzy/opt/gz_utils_vendor:/opt/ros/jazzy/opt/gz_tools_vendor:/opt/ros/jazzy/opt/gz_cmake_vendor:/opt/ros/jazzy DEBUGINFOD_URLS=https://debuginfod.ubuntu.com LD_LIBRARY_PATH=/home/namgeonwoo/COSHOW/ros2_ws/install/crazyflie_interfaces/lib:${LD_LIBRARY_PATH} PYTHONPATH=/home/namgeonwoo/COSHOW/ros2_ws/install/crazyflie_interfaces/lib/python3.12/site-packages:${PYTHONPATH} /usr/bin/cmake --install /home/namgeonwoo/COSHOW/ros2_ws/build/crazyflie_sim
[2.170s] -- Install configuration: ""
[2.170s] -- Execute custom install script
[2.170s] -- Symlinking: /home/namgeonwoo/COSHOW/ros2_ws/install/crazyflie_sim/share/crazyflie_sim/environment/pythonpath.sh
[2.181s] -- Symlinking: /home/namgeonwoo/COSHOW/ros2_ws/install/crazyflie_sim/share/crazyflie_sim/environment/pythonpath.dsv
[2.188s] -- Symlinking: /home/namgeonwoo/COSHOW/ros2_ws/install/crazyflie_sim/lib/python3.12/site-packages/crazyflie_sim-1.0.5-py3.12.egg-info/PKG-INFO
[2.196s] -- Symlinking: /home/namgeonwoo/COSHOW/ros2_ws/install/crazyflie_sim/lib/python3.12/site-packages/crazyflie_sim-1.0.5-py3.12.egg-info/SOURCES.txt
[2.204s] -- Symlinking: /home/namgeonwoo/COSHOW/ros2_ws/install/crazyflie_sim/lib/python3.12/site-packages/crazyflie_sim-1.0.5-py3.12.egg-info/dependency_links.txt
[2.209s] -- Symlinking: /home/namgeonwoo/COSHOW/ros2_ws/install/crazyflie_sim/lib/python3.12/site-packages/crazyflie_sim-1.0.5-py3.12.egg-info/entry_points.txt
[2.217s] -- Symlinking: /home/namgeonwoo/COSHOW/ros2_ws/install/crazyflie_sim/lib/python3.12/site-packages/crazyflie_sim-1.0.5-py3.12.egg-info/top_level.txt
[2.226s] -- Symlinking: /home/namgeonwoo/COSHOW/ros2_ws/install/crazyflie_sim/lib/crazyflie_sim//crazyflie_server
[2.233s] -- Symlinking: /home/namgeonwoo/COSHOW/ros2_ws/install/crazyflie_sim/lib/python3.12/site-packages/crazyflie_sim/__init__.py
[2.239s] -- Symlinking: /home/namgeonwoo/COSHOW/ros2_ws/install/crazyflie_sim/lib/python3.12/site-packages/crazyflie_sim/backend/data/dynobench/crazyflie2.yaml
[2.247s] -- Symlinking: /home/namgeonwoo/COSHOW/ros2_ws/install/crazyflie_sim/lib/python3.12/site-packages/crazyflie_sim/backend/data/neuralswarm2/phi_G.pth
[2.255s] -- Symlinking: /home/namgeonwoo/COSHOW/ros2_ws/install/crazyflie_sim/lib/python3.12/site-packages/crazyflie_sim/backend/data/neuralswarm2/phi_L.pth
[2.260s] -- Symlinking: /home/namgeonwoo/COSHOW/ros2_ws/install/crazyflie_sim/lib/python3.12/site-packages/crazyflie_sim/backend/data/neuralswarm2/phi_S.pth
[2.268s] -- Symlinking: /home/namgeonwoo/COSHOW/ros2_ws/install/crazyflie_sim/lib/python3.12/site-packages/crazyflie_sim/backend/data/neuralswarm2/rho_L.pth
[2.274s] -- Symlinking: /home/namgeonwoo/COSHOW/ros2_ws/install/crazyflie_sim/lib/python3.12/site-packages/crazyflie_sim/backend/data/neuralswarm2/rho_S.pth
[2.282s] -- Symlinking: /home/namgeonwoo/COSHOW/ros2_ws/install/crazyflie_sim/lib/python3.12/site-packages/crazyflie_sim/backend/data/pinocchio/crazyflie2.urdf
[2.288s] -- Symlinking: /home/namgeonwoo/COSHOW/ros2_ws/install/crazyflie_sim/lib/python3.12/site-packages/crazyflie_sim/backend/dynobench.py
[2.293s] -- Symlinking: /home/namgeonwoo/COSHOW/ros2_ws/install/crazyflie_sim/lib/python3.12/site-packages/crazyflie_sim/backend/neuralswarm.py
[2.300s] -- Symlinking: /home/namgeonwoo/COSHOW/ros2_ws/install/crazyflie_sim/lib/python3.12/site-packages/crazyflie_sim/backend/none.py
[2.306s] -- Symlinking: /home/namgeonwoo/COSHOW/ros2_ws/install/crazyflie_sim/lib/python3.12/site-packages/crazyflie_sim/backend/np.py
[2.315s] -- Symlinking: /home/namgeonwoo/COSHOW/ros2_ws/install/crazyflie_sim/lib/python3.12/site-packages/crazyflie_sim/backend/pinocchio.py
[2.323s] -- Symlinking: /home/namgeonwoo/COSHOW/ros2_ws/install/crazyflie_sim/lib/python3.12/site-packages/crazyflie_sim/crazyflie_server.py
[2.328s] -- Symlinking: /home/namgeonwoo/COSHOW/ros2_ws/install/crazyflie_sim/lib/python3.12/site-packages/crazyflie_sim/crazyflie_sil.py
[2.335s] -- Symlinking: /home/namgeonwoo/COSHOW/ros2_ws/install/crazyflie_sim/lib/python3.12/site-packages/crazyflie_sim/sim_data_types.py
[2.340s] -- Symlinking: /home/namgeonwoo/COSHOW/ros2_ws/install/crazyflie_sim/lib/python3.12/site-packages/crazyflie_sim/visualization/README.md
[2.347s] -- Symlinking: /home/namgeonwoo/COSHOW/ros2_ws/install/crazyflie_sim/lib/python3.12/site-packages/crazyflie_sim/visualization/blender.py
[2.352s] -- Symlinking: /home/namgeonwoo/COSHOW/ros2_ws/install/crazyflie_sim/lib/python3.12/site-packages/crazyflie_sim/visualization/data/README.md
[2.358s] -- Symlinking: /home/namgeonwoo/COSHOW/ros2_ws/install/crazyflie_sim/lib/python3.12/site-packages/crazyflie_sim/visualization/data/env/abandoned_greenhouse.jpg
[2.365s] -- Symlinking: /home/namgeonwoo/COSHOW/ros2_ws/install/crazyflie_sim/lib/python3.12/site-packages/crazyflie_sim/visualization/data/env/aerodynamics_workshop.jpg
[2.373s] -- Symlinking: /home/namgeonwoo/COSHOW/ros2_ws/install/crazyflie_sim/lib/python3.12/site-packages/crazyflie_sim/visualization/data/env/aviation_museum.jpg
[2.379s] -- Symlinking: /home/namgeonwoo/COSHOW/ros2_ws/install/crazyflie_sim/lib/python3.12/site-packages/crazyflie_sim/visualization/data/env/crosswalk.jpg
[2.387s] -- Symlinking: /home/namgeonwoo/COSHOW/ros2_ws/install/crazyflie_sim/lib/python3.12/site-packages/crazyflie_sim/visualization/data/env/derelict_overpass.jpg
[2.394s] -- Symlinking: /home/namgeonwoo/COSHOW/ros2_ws/install/crazyflie_sim/lib/python3.12/site-packages/crazyflie_sim/visualization/data/env/env.jpg
[2.400s] -- Symlinking: /home/namgeonwoo/COSHOW/ros2_ws/install/crazyflie_sim/lib/python3.12/site-packages/crazyflie_sim/visualization/data/env/lago_disola.jpg
[2.405s] -- Symlinking: /home/namgeonwoo/COSHOW/ros2_ws/install/crazyflie_sim/lib/python3.12/site-packages/crazyflie_sim/visualization/data/env/lake_pier.jpg
[2.411s] -- Symlinking: /home/namgeonwoo/COSHOW/ros2_ws/install/crazyflie_sim/lib/python3.12/site-packages/crazyflie_sim/visualization/data/env/machine_shop.jpg
[2.418s] -- Symlinking: /home/namgeonwoo/COSHOW/ros2_ws/install/crazyflie_sim/lib/python3.12/site-packages/crazyflie_sim/visualization/data/env/museumplein.jpg
[2.425s] -- Symlinking: /home/namgeonwoo/COSHOW/ros2_ws/install/crazyflie_sim/lib/python3.12/site-packages/crazyflie_sim/visualization/data/env/peppermint_powerplant.jpg
[2.431s] -- Symlinking: /home/namgeonwoo/COSHOW/ros2_ws/install/crazyflie_sim/lib/python3.12/site-packages/crazyflie_sim/visualization/data/env/studio_garden.jpg
[2.438s] -- Symlinking: /home/namgeonwoo/COSHOW/ros2_ws/install/crazyflie_sim/lib/python3.12/site-packages/crazyflie_sim/visualization/data/model/cf.mtl
[2.444s] -- Symlinking: /home/namgeonwoo/COSHOW/ros2_ws/install/crazyflie_sim/lib/python3.12/site-packages/crazyflie_sim/visualization/data/model/cf.obj
[2.450s] -- Symlinking: /home/namgeonwoo/COSHOW/ros2_ws/install/crazyflie_sim/lib/python3.12/site-packages/crazyflie_sim/visualization/pdf.py
[2.455s] -- Symlinking: /home/namgeonwoo/COSHOW/ros2_ws/install/crazyflie_sim/lib/python3.12/site-packages/crazyflie_sim/visualization/record_states.py
[2.460s] -- Symlinking: /home/namgeonwoo/COSHOW/ros2_ws/install/crazyflie_sim/lib/python3.12/site-packages/crazyflie_sim/visualization/rviz.py
[2.466s] -- Symlinking: /home/namgeonwoo/COSHOW/ros2_ws/install/crazyflie_sim/share/ament_index/resource_index/package_run_dependencies/crazyflie_sim
[2.473s] -- Symlinking: /home/namgeonwoo/COSHOW/ros2_ws/install/crazyflie_sim/share/ament_index/resource_index/parent_prefix_path/crazyflie_sim
[2.480s] -- Symlinking: /home/namgeonwoo/COSHOW/ros2_ws/install/crazyflie_sim/share/crazyflie_sim/environment/ament_prefix_path.sh
[2.488s] -- Symlinking: /home/namgeonwoo/COSHOW/ros2_ws/install/crazyflie_sim/share/crazyflie_sim/environment/ament_prefix_path.dsv
[2.496s] -- Symlinking: /home/namgeonwoo/COSHOW/ros2_ws/install/crazyflie_sim/share/crazyflie_sim/environment/path.sh
[2.503s] -- Symlinking: /home/namgeonwoo/COSHOW/ros2_ws/install/crazyflie_sim/share/crazyflie_sim/environment/path.dsv
[2.511s] -- Symlinking: /home/namgeonwoo/COSHOW/ros2_ws/install/crazyflie_sim/share/crazyflie_sim/local_setup.bash
[2.519s] -- Symlinking: /home/namgeonwoo/COSHOW/ros2_ws/install/crazyflie_sim/share/crazyflie_sim/local_setup.sh
[2.525s] -- Symlinking: /home/namgeonwoo/COSHOW/ros2_ws/install/crazyflie_sim/share/crazyflie_sim/local_setup.zsh
[2.533s] -- Symlinking: /home/namgeonwoo/COSHOW/ros2_ws/install/crazyflie_sim/share/crazyflie_sim/local_setup.dsv
[2.541s] -- Symlinking: /home/namgeonwoo/COSHOW/ros2_ws/install/crazyflie_sim/share/crazyflie_sim/package.dsv
[2.549s] -- Symlinking: /home/namgeonwoo/COSHOW/ros2_ws/install/crazyflie_sim/share/ament_index/resource_index/packages/crazyflie_sim
[2.557s] -- Symlinking: /home/namgeonwoo/COSHOW/ros2_ws/install/crazyflie_sim/share/crazyflie_sim/cmake/crazyflie_simConfig.cmake
[2.565s] -- Symlinking: /home/namgeonwoo/COSHOW/ros2_ws/install/crazyflie_sim/share/crazyflie_sim/cmake/crazyflie_simConfig-version.cmake
[2.574s] -- Symlinking: /home/namgeonwoo/COSHOW/ros2_ws/install/crazyflie_sim/share/crazyflie_sim/package.xml
[2.622s] Listing '/home/namgeonwoo/COSHOW/ros2_ws/install/crazyflie_sim/lib/python3.12/site-packages/crazyflie_sim'...
[2.622s] Compiling '/home/namgeonwoo/COSHOW/ros2_ws/install/crazyflie_sim/lib/python3.12/site-packages/crazyflie_sim/__init__.py'...
[2.622s] Listing '/home/namgeonwoo/COSHOW/ros2_ws/install/crazyflie_sim/lib/python3.12/site-packages/crazyflie_sim/backend'...
[2.622s] Listing '/home/namgeonwoo/COSHOW/ros2_ws/install/crazyflie_sim/lib/python3.12/site-packages/crazyflie_sim/backend/data'...
[2.622s] Listing '/home/namgeonwoo/COSHOW/ros2_ws/install/crazyflie_sim/lib/python3.12/site-packages/crazyflie_sim/backend/data/dynobench'...
[2.622s] Listing '/home/namgeonwoo/COSHOW/ros2_ws/install/crazyflie_sim/lib/python3.12/site-packages/crazyflie_sim/backend/data/neuralswarm2'...
[2.623s] Listing '/home/namgeonwoo/COSHOW/ros2_ws/install/crazyflie_sim/lib/python3.12/site-packages/crazyflie_sim/backend/data/pinocchio'...
[2.623s] Compiling '/home/namgeonwoo/COSHOW/ros2_ws/install/crazyflie_sim/lib/python3.12/site-packages/crazyflie_sim/backend/dynobench.py'...
[2.623s] Compiling '/home/namgeonwoo/COSHOW/ros2_ws/install/crazyflie_sim/lib/python3.12/site-packages/crazyflie_sim/backend/neuralswarm.py'...
[2.623s] Compiling '/home/namgeonwoo/COSHOW/ros2_ws/install/crazyflie_sim/lib/python3.12/site-packages/crazyflie_sim/backend/none.py'...
[2.623s] Compiling '/home/namgeonwoo/COSHOW/ros2_ws/install/crazyflie_sim/lib/python3.12/site-packages/crazyflie_sim/backend/np.py'...
[2.623s] Compiling '/home/namgeonwoo/COSHOW/ros2_ws/install/crazyflie_sim/lib/python3.12/site-packages/crazyflie_sim/backend/pinocchio.py'...
[2.623s] Compiling '/home/namgeonwoo/COSHOW/ros2_ws/install/crazyflie_sim/lib/python3.12/site-packages/crazyflie_sim/crazyflie_server.py'...
[2.623s] Compiling '/home/namgeonwoo/COSHOW/ros2_ws/install/crazyflie_sim/lib/python3.12/site-packages/crazyflie_sim/crazyflie_sil.py'...
[2.623s] Compiling '/home/namgeonwoo/COSHOW/ros2_ws/install/crazyflie_sim/lib/python3.12/site-packages/crazyflie_sim/sim_data_types.py'...
[2.623s] Listing '/home/namgeonwoo/COSHOW/ros2_ws/install/crazyflie_sim/lib/python3.12/site-packages/crazyflie_sim/visualization'...
[2.623s] Compiling '/home/namgeonwoo/COSHOW/ros2_ws/install/crazyflie_sim/lib/python3.12/site-packages/crazyflie_sim/visualization/blender.py'...
[2.623s] Listing '/home/namgeonwoo/COSHOW/ros2_ws/install/crazyflie_sim/lib/python3.12/site-packages/crazyflie_sim/visualization/data'...
[2.623s] Listing '/home/namgeonwoo/COSHOW/ros2_ws/install/crazyflie_sim/lib/python3.12/site-packages/crazyflie_sim/visualization/data/env'...
[2.623s] Listing '/home/namgeonwoo/COSHOW/ros2_ws/install/crazyflie_sim/lib/python3.12/site-packages/crazyflie_sim/visualization/data/model'...
[2.624s] Compiling '/home/namgeonwoo/COSHOW/ros2_ws/install/crazyflie_sim/lib/python3.12/site-packages/crazyflie_sim/visualization/pdf.py'...
[2.624s] Compiling '/home/namgeonwoo/COSHOW/ros2_ws/install/crazyflie_sim/lib/python3.12/site-packages/crazyflie_sim/visualization/record_states.py'...
[2.624s] Compiling '/home/namgeonwoo/COSHOW/ros2_ws/install/crazyflie_sim/lib/python3.12/site-packages/crazyflie_sim/visualization/rviz.py'...
[2.630s] Invoked command in '/home/namgeonwoo/COSHOW/ros2_ws/build/crazyflie_sim' returned '0': AMENT_PREFIX_PATH=/home/namgeonwoo/COSHOW/ros2_ws/install/crazyflie_interfaces:${AMENT_PREFIX_PATH} CMAKE_PREFIX_PATH=/home/namgeonwoo/COSHOW/ros2_ws/install/crazyflie_interfaces:/opt/ros/jazzy/opt/sdformat_vendor:/opt/ros/jazzy/opt/gz_math_vendor:/opt/ros/jazzy/opt/gz_utils_vendor:/opt/ros/jazzy/opt/gz_tools_vendor:/opt/ros/jazzy/opt/gz_cmake_vendor:/opt/ros/jazzy DEBUGINFOD_URLS=https://debuginfod.ubuntu.com LD_LIBRARY_PATH=/home/namgeonwoo/COSHOW/ros2_ws/install/crazyflie_interfaces/lib:${LD_LIBRARY_PATH} PYTHONPATH=/home/namgeonwoo/COSHOW/ros2_ws/install/crazyflie_interfaces/lib/python3.12/site-packages:${PYTHONPATH} /usr/bin/cmake --install /home/namgeonwoo/COSHOW/ros2_ws/build/crazyflie_sim
