-- The C compiler identification is GNU 13.3.0
-- The CXX compiler identification is GNU 13.3.0
-- Detecting C compiler ABI info
-- Detecting C compiler ABI info - done
-- Check for working C compiler: /usr/bin/cc - skipped
-- Detecting C compile features
-- Detecting C compile features - done
-- Detecting CXX compiler ABI info
-- Detecting CXX compiler ABI info - done
-- Check for working CXX compiler: /usr/bin/c++ - skipped
-- Detecting CXX compile features
-- Detecting CXX compile features - done
-- Found ament_cmake: 2.5.6 (/opt/ros/jazzy/share/ament_cmake/cmake)
-- Found Python3: /usr/bin/python3 (found version "3.12.3") found components: Interpreter 
-- Override CMake install command with custom implementation using symlinks instead of copying resources
-- Found rclcpp: 28.1.21 (/opt/ros/jazzy/share/rclcpp/cmake)
-- Found rosidl_generator_c: 4.6.9 (/opt/ros/jazzy/share/rosidl_generator_c/cmake)
-- Found rosidl_generator_cpp: 4.6.9 (/opt/ros/jazzy/share/rosidl_generator_cpp/cmake)
-- Using all available rosidl_typesupport_c: rosidl_typesupport_fastrtps_c;rosidl_typesupport_introspection_c
-- Using all available rosidl_typesupport_cpp: rosidl_typesupport_fastrtps_cpp;rosidl_typesupport_introspection_cpp
-- Found rmw_implementation_cmake: 7.3.3 (/opt/ros/jazzy/share/rmw_implementation_cmake/cmake)
-- Found rmw_fastrtps_cpp: 8.4.4 (/opt/ros/jazzy/share/rmw_fastrtps_cpp/cmake)
-- Found OpenSSL: /usr/lib/x86_64-linux-gnu/libcrypto.so (found version "3.0.13")  
-- Found FastRTPS: /opt/ros/jazzy/include (Required is at least version "2.13") 
-- Using RMW implementation 'rmw_fastrtps_cpp' as default
-- Found tf2_ros: 0.36.21 (/opt/ros/jazzy/share/tf2_ros/cmake)
-- Found std_srvs: 5.3.8 (/opt/ros/jazzy/share/std_srvs/cmake)
-- Found nav_msgs: 5.3.8 (/opt/ros/jazzy/share/nav_msgs/cmake)
-- Found sensor_msgs: 5.3.8 (/opt/ros/jazzy/share/sensor_msgs/cmake)
-- Found crazyflie_interfaces: 1.0.5 (/home/namgeonwoo/COSHOW/ros2_ws/install/crazyflie_interfaces/share/crazyflie_interfaces/cmake)
-- Found motion_capture_tracking_interfaces: 1.0.6 (/opt/ros/jazzy/share/motion_capture_tracking_interfaces/cmake)
-- Found ros_environment: 4.2.1 (/opt/ros/jazzy/share/ros_environment/cmake)
-- Found Boost: /usr/lib/x86_64-linux-gnu/cmake/Boost-1.83.0/BoostConfig.cmake (found version "1.83.0") found components: program_options 
-- Found libusb: /usr/lib/x86_64-linux-gnu/libusb-1.0.so  
-- Configuring done (1.2s)
-- Generating done (0.0s)
-- Build files have been written to: /home/namgeonwoo/COSHOW/ros2_ws/build/crazyflie_server_cpp
[  2%] [32mBuilding CXX object deps/crazyflie_tools/crazyflie_cpp/crazyflie-link-cpp/CMakeFiles/crazyflieLinkCpp.dir/src/Crazyradio.cpp.o[0m
[  5%] [32mBuilding CXX object deps/crazyflie_tools/crazyflie_cpp/crazyflie-link-cpp/CMakeFiles/crazyflieLinkCpp.dir/src/CrazyflieUSB.cpp.o[0m
[  7%] [32mBuilding CXX object deps/crazyflie_tools/crazyflie_cpp/crazyflie-link-cpp/CMakeFiles/crazyflieLinkCpp.dir/src/CrazyradioThread.cpp.o[0m
[ 10%] [32mBuilding CXX object deps/crazyflie_tools/crazyflie_cpp/crazyflie-link-cpp/CMakeFiles/crazyflieLinkCpp.dir/src/Connection.cpp.o[0m
[ 13%] [32mBuilding CXX object deps/crazyflie_tools/crazyflie_cpp/crazyflie-link-cpp/CMakeFiles/crazyflieLinkCpp.dir/src/USBManager.cpp.o[0m
[ 15%] [32mBuilding CXX object deps/crazyflie_tools/crazyflie_cpp/crazyflie-link-cpp/CMakeFiles/crazyflieLinkCpp.dir/src/USBDevice.cpp.o[0m
[ 18%] [32mBuilding CXX object deps/crazyflie_tools/crazyflie_cpp/crazyflie-link-cpp/CMakeFiles/crazyflieLinkCpp.dir/src/CrazyflieUSBThread.cpp.o[0m
[ 21%] [32mBuilding CXX object deps/crazyflie_tools/crazyflie_cpp/crazyflie-link-cpp/CMakeFiles/crazyflieLinkCpp.dir/src/Version.cpp.o[0m
[ 23%] [32m[1mLinking CXX static library libcrazyflieLinkCpp.a[0m
[ 23%] Built target crazyflieLinkCpp
[ 26%] [32mBuilding CXX object deps/crazyflie_tools/crazyflie_cpp/CMakeFiles/crazyflie_cpp.dir/src/Crazyflie.cpp.o[0m
[ 28%] [32mBuilding CXX object deps/crazyflie_tools/crazyflie_cpp/CMakeFiles/crazyflie_cpp.dir/src/crtp.cpp.o[0m
[ 31%] [32m[1mLinking CXX static library libcrazyflie_cpp.a[0m
[ 31%] Built target crazyflie_cpp
[ 34%] [32mBuilding CXX object deps/crazyflie_tools/CMakeFiles/version.dir/src/version.cpp.o[0m
[ 36%] [32mBuilding CXX object deps/crazyflie_tools/CMakeFiles/comCheck.dir/src/comCheck.cpp.o[0m
[ 39%] [32mBuilding CXX object deps/crazyflie_tools/CMakeFiles/listMemories.dir/src/listMemories.cpp.o[0m
[ 42%] [32mBuilding CXX object CMakeFiles/crazyflie_server.dir/src/crazyflie_server.cpp.o[0m
[ 44%] [32mBuilding CXX object deps/crazyflie_tools/CMakeFiles/console.dir/src/console.cpp.o[0m
[ 47%] [32mBuilding CXX object deps/crazyflie_tools/CMakeFiles/scan.dir/src/scan.cpp.o[0m
[ 50%] [32mBuilding CXX object deps/crazyflie_tools/CMakeFiles/reboot.dir/src/reboot.cpp.o[0m
[ 52%] [32mBuilding CXX object deps/crazyflie_tools/CMakeFiles/log.dir/src/log.cpp.o[0m
[ 57%] [32mBuilding CXX object deps/crazyflie_tools/CMakeFiles/downloadUSDLogfile.dir/src/downloadUSDLogfile.cpp.o[0m
[ 57%] [32mBuilding CXX object deps/crazyflie_tools/CMakeFiles/listLogVariables.dir/src/listLogVariables.cpp.o[0m
[ 65%] [32mBuilding CXX object deps/crazyflie_tools/CMakeFiles/listParams.dir/src/listParams.cpp.o[0m
[ 65%] [32mBuilding CXX object deps/crazyflie_tools/CMakeFiles/battery.dir/src/battery.cpp.o[0m
[ 65%] [32mBuilding CXX object deps/crazyflie_tools/CMakeFiles/setParam.dir/src/setParam.cpp.o[0m
[ 68%] [32m[1mLinking CXX executable version[0m
[ 71%] [32m[1mLinking CXX executable comCheck[0m
[ 71%] Built target version
[ 71%] Built target comCheck
[ 73%] [32m[1mLinking CXX executable listMemories[0m
[ 76%] [32m[1mLinking CXX executable console[0m
[ 78%] [32m[1mLinking CXX executable scan[0m
[ 78%] Built target console
[ 81%] [32m[1mLinking CXX executable downloadUSDLogfile[0m
[ 81%] Built target listMemories
[ 84%] [32m[1mLinking CXX executable listLogVariables[0m
[ 86%] [32m[1mLinking CXX executable listParams[0m
[ 86%] Built target scan
[ 86%] Built target downloadUSDLogfile
[ 86%] Built target listLogVariables
[ 89%] [32m[1mLinking CXX executable log[0m
[ 92%] [32m[1mLinking CXX executable battery[0m
[ 92%] Built target log
[ 92%] Built target listParams
[ 94%] [32m[1mLinking CXX executable reboot[0m
[ 94%] Built target battery
[ 97%] [32m[1mLinking CXX executable setParam[0m
[ 97%] Built target reboot
[ 97%] Built target setParam
[100%] [32m[1mLinking CXX executable crazyflie_server[0m
[100%] Built target crazyflie_server
-- Install configuration: ""
-- Execute custom install script
-- Symlinking: /home/namgeonwoo/COSHOW/ros2_ws/install/crazyflie_server_cpp/lib/crazyflie_server_cpp/comCheck
-- Symlinking: /home/namgeonwoo/COSHOW/ros2_ws/install/crazyflie_server_cpp/lib/crazyflie_server_cpp/scan
-- Symlinking: /home/namgeonwoo/COSHOW/ros2_ws/install/crazyflie_server_cpp/lib/crazyflie_server_cpp/listParams
-- Symlinking: /home/namgeonwoo/COSHOW/ros2_ws/install/crazyflie_server_cpp/lib/crazyflie_server_cpp/listLogVariables
-- Symlinking: /home/namgeonwoo/COSHOW/ros2_ws/install/crazyflie_server_cpp/lib/crazyflie_server_cpp/listMemories
-- Symlinking: /home/namgeonwoo/COSHOW/ros2_ws/install/crazyflie_server_cpp/lib/crazyflie_server_cpp/reboot
-- Symlinking: /home/namgeonwoo/COSHOW/ros2_ws/install/crazyflie_server_cpp/lib/crazyflie_server_cpp/battery
-- Symlinking: /home/namgeonwoo/COSHOW/ros2_ws/install/crazyflie_server_cpp/lib/crazyflie_server_cpp/version
-- Symlinking: /home/namgeonwoo/COSHOW/ros2_ws/install/crazyflie_server_cpp/lib/crazyflie_server_cpp/console
-- Symlinking: /home/namgeonwoo/COSHOW/ros2_ws/install/crazyflie_server_cpp/lib/crazyflie_server_cpp/log
-- Symlinking: /home/namgeonwoo/COSHOW/ros2_ws/install/crazyflie_server_cpp/lib/crazyflie_server_cpp/setParam
-- Symlinking: /home/namgeonwoo/COSHOW/ros2_ws/install/crazyflie_server_cpp/lib/crazyflie_server_cpp/downloadUSDLogfile
-- Symlinking: /home/namgeonwoo/COSHOW/ros2_ws/install/crazyflie_server_cpp/lib/crazyflie_server_cpp/crazyflie_server
-- Symlinking: /home/namgeonwoo/COSHOW/ros2_ws/install/crazyflie_server_cpp/share/ament_index/resource_index/package_run_dependencies/crazyflie_server_cpp
-- Symlinking: /home/namgeonwoo/COSHOW/ros2_ws/install/crazyflie_server_cpp/share/ament_index/resource_index/parent_prefix_path/crazyflie_server_cpp
-- Symlinking: /home/namgeonwoo/COSHOW/ros2_ws/install/crazyflie_server_cpp/share/crazyflie_server_cpp/environment/ament_prefix_path.sh
-- Symlinking: /home/namgeonwoo/COSHOW/ros2_ws/install/crazyflie_server_cpp/share/crazyflie_server_cpp/environment/ament_prefix_path.dsv
-- Symlinking: /home/namgeonwoo/COSHOW/ros2_ws/install/crazyflie_server_cpp/share/crazyflie_server_cpp/environment/path.sh
-- Symlinking: /home/namgeonwoo/COSHOW/ros2_ws/install/crazyflie_server_cpp/share/crazyflie_server_cpp/environment/path.dsv
-- Symlinking: /home/namgeonwoo/COSHOW/ros2_ws/install/crazyflie_server_cpp/share/crazyflie_server_cpp/local_setup.bash
-- Symlinking: /home/namgeonwoo/COSHOW/ros2_ws/install/crazyflie_server_cpp/share/crazyflie_server_cpp/local_setup.sh
-- Symlinking: /home/namgeonwoo/COSHOW/ros2_ws/install/crazyflie_server_cpp/share/crazyflie_server_cpp/local_setup.zsh
-- Symlinking: /home/namgeonwoo/COSHOW/ros2_ws/install/crazyflie_server_cpp/share/crazyflie_server_cpp/local_setup.dsv
-- Symlinking: /home/namgeonwoo/COSHOW/ros2_ws/install/crazyflie_server_cpp/share/crazyflie_server_cpp/package.dsv
-- Symlinking: /home/namgeonwoo/COSHOW/ros2_ws/install/crazyflie_server_cpp/share/ament_index/resource_index/packages/crazyflie_server_cpp
-- Symlinking: /home/namgeonwoo/COSHOW/ros2_ws/install/crazyflie_server_cpp/share/crazyflie_server_cpp/cmake/crazyflie_server_cppConfig.cmake
-- Symlinking: /home/namgeonwoo/COSHOW/ros2_ws/install/crazyflie_server_cpp/share/crazyflie_server_cpp/cmake/crazyflie_server_cppConfig-version.cmake
-- Symlinking: /home/namgeonwoo/COSHOW/ros2_ws/install/crazyflie_server_cpp/share/crazyflie_server_cpp/package.xml
