-- The C compiler identification is GNU 13.3.0
-- The CXX compiler identification is GNU 13.3.0
-- Detecting C compiler ABI info
-- Detecting C compiler ABI info - done
-- Check for working C compiler: /usr/bin/cc - skipped
-- Detecting C compile features
-- Detecting C compile features - done
-- Detecting CXX compiler ABI info
-- Detecting CXX compiler ABI info - done
-- Check for working CXX compiler: /usr/bin/c++ - skipped
-- Detecting CXX compile features
-- Detecting CXX compile features - done
-- Found ament_cmake: 2.5.6 (/opt/ros/jazzy/share/ament_cmake/cmake)
-- Found Python3: /usr/bin/python3 (found version "3.12.3") found components: Interpreter 
-- Override CMake install command with custom implementation using symlinks instead of copying resources
-- Found rclcpp: 28.1.21 (/opt/ros/jazzy/share/rclcpp/cmake)
-- Found rosidl_generator_c: 4.6.9 (/opt/ros/jazzy/share/rosidl_generator_c/cmake)
-- Found rosidl_generator_cpp: 4.6.9 (/opt/ros/jazzy/share/rosidl_generator_cpp/cmake)
-- Using all available rosidl_typesupport_c: rosidl_typesupport_fastrtps_c;rosidl_typesupport_introspection_c
-- Using all available rosidl_typesupport_cpp: rosidl_typesupport_fastrtps_cpp;rosidl_typesupport_introspection_cpp
-- Found rmw_implementation_cmake: 7.3.3 (/opt/ros/jazzy/share/rmw_implementation_cmake/cmake)
-- Found rmw_fastrtps_cpp: 8.4.4 (/opt/ros/jazzy/share/rmw_fastrtps_cpp/cmake)
-- Found OpenSSL: /usr/lib/x86_64-linux-gnu/libcrypto.so (found version "3.0.13")  
-- Found FastRTPS: /opt/ros/jazzy/include (Required is at least version "2.13") 
-- Using RMW implementation 'rmw_fastrtps_cpp' as default
-- Found rclpy: 7.1.11 (/opt/ros/jazzy/share/rclpy/cmake)
-- Found std_srvs: 5.3.8 (/opt/ros/jazzy/share/std_srvs/cmake)
-- Found sensor_msgs: 5.3.8 (/opt/ros/jazzy/share/sensor_msgs/cmake)
-- Found crazyflie_interfaces: 1.0.5 (/home/namgeonwoo/COSHOW/ros2_ws/install/crazyflie_interfaces/share/crazyflie_interfaces/cmake)
-- Configuring done (0.9s)
-- Generating done (0.0s)
-- Build files have been written to: /home/namgeonwoo/COSHOW/ros2_ws/build/crazyflie
[ 50%] [32mBuilding CXX object CMakeFiles/teleop.dir/src/teleop.cpp.o[0m
[100%] [32m[1mLinking CXX executable teleop[0m
[100%] Built target teleop
-- Install configuration: ""
-- Execute custom install script
-- Symlinking: /home/namgeonwoo/COSHOW/ros2_ws/install/crazyflie/lib/crazyflie/teleop
-- Symlinking: /home/namgeonwoo/COSHOW/ros2_ws/install/crazyflie/lib/crazyflie/chooser.py
-- Symlinking: /home/namgeonwoo/COSHOW/ros2_ws/install/crazyflie/lib/crazyflie/cfmult.py
-- Symlinking: /home/namgeonwoo/COSHOW/ros2_ws/install/crazyflie/lib/crazyflie/aideck_streamer.py
-- Symlinking: /home/namgeonwoo/COSHOW/ros2_ws/install/crazyflie/lib/crazyflie/flash.py
-- Symlinking: /home/namgeonwoo/COSHOW/ros2_ws/install/crazyflie/share/crazyflie//launch/launch.py
-- Symlinking: /home/namgeonwoo/COSHOW/ros2_ws/install/crazyflie/share/crazyflie//launch/launch_teleop2.py
-- Symlinking: /home/namgeonwoo/COSHOW/ros2_ws/install/crazyflie/share/crazyflie//launch/teleop_launch.py
-- Symlinking: /home/namgeonwoo/COSHOW/ros2_ws/install/crazyflie/share/crazyflie//config/aideck_streamer.yaml
-- Symlinking: /home/namgeonwoo/COSHOW/ros2_ws/install/crazyflie/share/crazyflie//config/config.rviz
-- Symlinking: /home/namgeonwoo/COSHOW/ros2_ws/install/crazyflie/share/crazyflie//config/crazyflies.yaml
-- Symlinking: /home/namgeonwoo/COSHOW/ros2_ws/install/crazyflie/share/crazyflie//config/motion_capture.yaml
-- Symlinking: /home/namgeonwoo/COSHOW/ros2_ws/install/crazyflie/share/crazyflie//config/server.yaml
-- Symlinking: /home/namgeonwoo/COSHOW/ros2_ws/install/crazyflie/share/crazyflie//config/teleop.yaml
-- Symlinking: /home/namgeonwoo/COSHOW/ros2_ws/install/crazyflie/share/ament_index/resource_index/package_run_dependencies/crazyflie
-- Symlinking: /home/namgeonwoo/COSHOW/ros2_ws/install/crazyflie/share/ament_index/resource_index/parent_prefix_path/crazyflie
-- Symlinking: /home/namgeonwoo/COSHOW/ros2_ws/install/crazyflie/share/crazyflie/environment/ament_prefix_path.sh
-- Symlinking: /home/namgeonwoo/COSHOW/ros2_ws/install/crazyflie/share/crazyflie/environment/ament_prefix_path.dsv
-- Symlinking: /home/namgeonwoo/COSHOW/ros2_ws/install/crazyflie/share/crazyflie/environment/path.sh
-- Symlinking: /home/namgeonwoo/COSHOW/ros2_ws/install/crazyflie/share/crazyflie/environment/path.dsv
-- Symlinking: /home/namgeonwoo/COSHOW/ros2_ws/install/crazyflie/share/crazyflie/local_setup.bash
-- Symlinking: /home/namgeonwoo/COSHOW/ros2_ws/install/crazyflie/share/crazyflie/local_setup.sh
-- Symlinking: /home/namgeonwoo/COSHOW/ros2_ws/install/crazyflie/share/crazyflie/local_setup.zsh
-- Symlinking: /home/namgeonwoo/COSHOW/ros2_ws/install/crazyflie/share/crazyflie/local_setup.dsv
-- Symlinking: /home/namgeonwoo/COSHOW/ros2_ws/install/crazyflie/share/crazyflie/package.dsv
-- Symlinking: /home/namgeonwoo/COSHOW/ros2_ws/install/crazyflie/share/ament_index/resource_index/packages/crazyflie
-- Symlinking: /home/namgeonwoo/COSHOW/ros2_ws/install/crazyflie/share/crazyflie/cmake/crazyflieConfig.cmake
-- Symlinking: /home/namgeonwoo/COSHOW/ros2_ws/install/crazyflie/share/crazyflie/cmake/crazyflieConfig-version.cmake
-- Symlinking: /home/namgeonwoo/COSHOW/ros2_ws/install/crazyflie/share/crazyflie/package.xml
