[0.013s] Invoking command in '/home/namgeonwoo/COSHOW/ros2_ws/build/crazyflie': AMENT_PREFIX_PATH=/home/namgeonwoo/COSHOW/ros2_ws/install/crazyflie_server_cpp:/home/namgeonwoo/COSHOW/ros2_ws/install/crazyflie_interfaces:/home/namgeonwoo/COSHOW/ros2_ws/install/crazyflie_description:${AMENT_PREFIX_PATH} CMAKE_PREFIX_PATH=/home/namgeonwoo/COSHOW/ros2_ws/install/crazyflie_server_cpp:/home/namgeonwoo/COSHOW/ros2_ws/install/crazyflie_interfaces:/home/namgeonwoo/COSHOW/ros2_ws/install/crazyflie_description:/opt/ros/jazzy/opt/sdformat_vendor:/opt/ros/jazzy/opt/gz_math_vendor:/opt/ros/jazzy/opt/gz_utils_vendor:/opt/ros/jazzy/opt/gz_tools_vendor:/opt/ros/jazzy/opt/gz_cmake_vendor:/opt/ros/jazzy DEBUGINFOD_URLS=https://debuginfod.ubuntu.com LD_LIBRARY_PATH=/home/namgeonwoo/COSHOW/ros2_ws/install/crazyflie_interfaces/lib:${LD_LIBRARY_PATH} PYTHONPATH=/home/namgeonwoo/COSHOW/ros2_ws/install/crazyflie_interfaces/lib/python3.12/site-packages:${PYTHONPATH} /usr/bin/cmake /home/namgeonwoo/COSHOW/ros2_ws/src/crazyswarm2/crazyflie -DAMENT_CMAKE_SYMLINK_INSTALL=1 -DCMAKE_INSTALL_PREFIX=/home/namgeonwoo/COSHOW/ros2_ws/install/crazyflie
[0.064s] -- The C compiler identification is GNU 13.3.0
[0.103s] -- The CXX compiler identification is GNU 13.3.0
[0.118s] -- Detecting C compiler ABI info
[0.192s] -- Detecting C compiler ABI info - done
[0.200s] -- Check for working C compiler: /usr/bin/cc - skipped
[0.200s] -- Detecting C compile features
[0.200s] -- Detecting C compile features - done
[0.210s] -- Detecting CXX compiler ABI info
[0.296s] -- Detecting CXX compiler ABI info - done
[0.306s] -- Check for working CXX compiler: /usr/bin/c++ - skipped
[0.307s] -- Detecting CXX compile features
[0.307s] -- Detecting CXX compile features - done
[0.308s] -- Found ament_cmake: 2.5.6 (/opt/ros/jazzy/share/ament_cmake/cmake)
[0.411s] -- Found Python3: /usr/bin/python3 (found version "3.12.3") found components: Interpreter 
[0.459s] -- Override CMake install command with custom implementation using symlinks instead of copying resources
[0.481s] -- Found rclcpp: 28.1.21 (/opt/ros/jazzy/share/rclcpp/cmake)
[0.505s] -- Found rosidl_generator_c: 4.6.9 (/opt/ros/jazzy/share/rosidl_generator_c/cmake)
[0.514s] -- Found rosidl_generator_cpp: 4.6.9 (/opt/ros/jazzy/share/rosidl_generator_cpp/cmake)
[0.524s] -- Using all available rosidl_typesupport_c: rosidl_typesupport_fastrtps_c;rosidl_typesupport_introspection_c
[0.535s] -- Using all available rosidl_typesupport_cpp: rosidl_typesupport_fastrtps_cpp;rosidl_typesupport_introspection_cpp
[0.588s] -- Found rmw_implementation_cmake: 7.3.3 (/opt/ros/jazzy/share/rmw_implementation_cmake/cmake)
[0.590s] -- Found rmw_fastrtps_cpp: 8.4.4 (/opt/ros/jazzy/share/rmw_fastrtps_cpp/cmake)
[0.674s] -- Found OpenSSL: /usr/lib/x86_64-linux-gnu/libcrypto.so (found version "3.0.13")  
[0.690s] -- Found FastRTPS: /opt/ros/jazzy/include (Required is at least version "2.13") 
[0.710s] -- Using RMW implementation 'rmw_fastrtps_cpp' as default
[0.772s] -- Found rclpy: 7.1.11 (/opt/ros/jazzy/share/rclpy/cmake)
[0.773s] -- Found std_srvs: 5.3.8 (/opt/ros/jazzy/share/std_srvs/cmake)
[0.785s] -- Found sensor_msgs: 5.3.8 (/opt/ros/jazzy/share/sensor_msgs/cmake)
[0.826s] -- Found crazyflie_interfaces: 1.0.5 (/home/namgeonwoo/COSHOW/ros2_ws/install/crazyflie_interfaces/share/crazyflie_interfaces/cmake)
[0.922s] -- Configuring done (0.9s)
[0.929s] -- Generating done (0.0s)
[0.932s] -- Build files have been written to: /home/namgeonwoo/COSHOW/ros2_ws/build/crazyflie
[0.941s] Invoked command in '/home/namgeonwoo/COSHOW/ros2_ws/build/crazyflie' returned '0': AMENT_PREFIX_PATH=/home/namgeonwoo/COSHOW/ros2_ws/install/crazyflie_server_cpp:/home/namgeonwoo/COSHOW/ros2_ws/install/crazyflie_interfaces:/home/namgeonwoo/COSHOW/ros2_ws/install/crazyflie_description:${AMENT_PREFIX_PATH} CMAKE_PREFIX_PATH=/home/namgeonwoo/COSHOW/ros2_ws/install/crazyflie_server_cpp:/home/namgeonwoo/COSHOW/ros2_ws/install/crazyflie_interfaces:/home/namgeonwoo/COSHOW/ros2_ws/install/crazyflie_description:/opt/ros/jazzy/opt/sdformat_vendor:/opt/ros/jazzy/opt/gz_math_vendor:/opt/ros/jazzy/opt/gz_utils_vendor:/opt/ros/jazzy/opt/gz_tools_vendor:/opt/ros/jazzy/opt/gz_cmake_vendor:/opt/ros/jazzy DEBUGINFOD_URLS=https://debuginfod.ubuntu.com LD_LIBRARY_PATH=/home/namgeonwoo/COSHOW/ros2_ws/install/crazyflie_interfaces/lib:${LD_LIBRARY_PATH} PYTHONPATH=/home/namgeonwoo/COSHOW/ros2_ws/install/crazyflie_interfaces/lib/python3.12/site-packages:${PYTHONPATH} /usr/bin/cmake /home/namgeonwoo/COSHOW/ros2_ws/src/crazyswarm2/crazyflie -DAMENT_CMAKE_SYMLINK_INSTALL=1 -DCMAKE_INSTALL_PREFIX=/home/namgeonwoo/COSHOW/ros2_ws/install/crazyflie
[0.943s] Invoking command in '/home/namgeonwoo/COSHOW/ros2_ws/build/crazyflie': AMENT_PREFIX_PATH=/home/namgeonwoo/COSHOW/ros2_ws/install/crazyflie_server_cpp:/home/namgeonwoo/COSHOW/ros2_ws/install/crazyflie_interfaces:/home/namgeonwoo/COSHOW/ros2_ws/install/crazyflie_description:${AMENT_PREFIX_PATH} CMAKE_PREFIX_PATH=/home/namgeonwoo/COSHOW/ros2_ws/install/crazyflie_server_cpp:/home/namgeonwoo/COSHOW/ros2_ws/install/crazyflie_interfaces:/home/namgeonwoo/COSHOW/ros2_ws/install/crazyflie_description:/opt/ros/jazzy/opt/sdformat_vendor:/opt/ros/jazzy/opt/gz_math_vendor:/opt/ros/jazzy/opt/gz_utils_vendor:/opt/ros/jazzy/opt/gz_tools_vendor:/opt/ros/jazzy/opt/gz_cmake_vendor:/opt/ros/jazzy DEBUGINFOD_URLS=https://debuginfod.ubuntu.com LD_LIBRARY_PATH=/home/namgeonwoo/COSHOW/ros2_ws/install/crazyflie_interfaces/lib:${LD_LIBRARY_PATH} PYTHONPATH=/home/namgeonwoo/COSHOW/ros2_ws/install/crazyflie_interfaces/lib/python3.12/site-packages:${PYTHONPATH} /usr/bin/cmake --build /home/namgeonwoo/COSHOW/ros2_ws/build/crazyflie -- -j22 -l22
[0.989s] [ 50%] [32mBuilding CXX object CMakeFiles/teleop.dir/src/teleop.cpp.o[0m
[11.346s] [100%] [32m[1mLinking CXX executable teleop[0m
[11.722s] [100%] Built target teleop
[11.733s] Invoked command in '/home/namgeonwoo/COSHOW/ros2_ws/build/crazyflie' returned '0': AMENT_PREFIX_PATH=/home/namgeonwoo/COSHOW/ros2_ws/install/crazyflie_server_cpp:/home/namgeonwoo/COSHOW/ros2_ws/install/crazyflie_interfaces:/home/namgeonwoo/COSHOW/ros2_ws/install/crazyflie_description:${AMENT_PREFIX_PATH} CMAKE_PREFIX_PATH=/home/namgeonwoo/COSHOW/ros2_ws/install/crazyflie_server_cpp:/home/namgeonwoo/COSHOW/ros2_ws/install/crazyflie_interfaces:/home/namgeonwoo/COSHOW/ros2_ws/install/crazyflie_description:/opt/ros/jazzy/opt/sdformat_vendor:/opt/ros/jazzy/opt/gz_math_vendor:/opt/ros/jazzy/opt/gz_utils_vendor:/opt/ros/jazzy/opt/gz_tools_vendor:/opt/ros/jazzy/opt/gz_cmake_vendor:/opt/ros/jazzy DEBUGINFOD_URLS=https://debuginfod.ubuntu.com LD_LIBRARY_PATH=/home/namgeonwoo/COSHOW/ros2_ws/install/crazyflie_interfaces/lib:${LD_LIBRARY_PATH} PYTHONPATH=/home/namgeonwoo/COSHOW/ros2_ws/install/crazyflie_interfaces/lib/python3.12/site-packages:${PYTHONPATH} /usr/bin/cmake --build /home/namgeonwoo/COSHOW/ros2_ws/build/crazyflie -- -j22 -l22
[11.735s] Invoking command in '/home/namgeonwoo/COSHOW/ros2_ws/build/crazyflie': AMENT_PREFIX_PATH=/home/namgeonwoo/COSHOW/ros2_ws/install/crazyflie_server_cpp:/home/namgeonwoo/COSHOW/ros2_ws/install/crazyflie_interfaces:/home/namgeonwoo/COSHOW/ros2_ws/install/crazyflie_description:${AMENT_PREFIX_PATH} CMAKE_PREFIX_PATH=/home/namgeonwoo/COSHOW/ros2_ws/install/crazyflie_server_cpp:/home/namgeonwoo/COSHOW/ros2_ws/install/crazyflie_interfaces:/home/namgeonwoo/COSHOW/ros2_ws/install/crazyflie_description:/opt/ros/jazzy/opt/sdformat_vendor:/opt/ros/jazzy/opt/gz_math_vendor:/opt/ros/jazzy/opt/gz_utils_vendor:/opt/ros/jazzy/opt/gz_tools_vendor:/opt/ros/jazzy/opt/gz_cmake_vendor:/opt/ros/jazzy DEBUGINFOD_URLS=https://debuginfod.ubuntu.com LD_LIBRARY_PATH=/home/namgeonwoo/COSHOW/ros2_ws/install/crazyflie_interfaces/lib:${LD_LIBRARY_PATH} PYTHONPATH=/home/namgeonwoo/COSHOW/ros2_ws/install/crazyflie_interfaces/lib/python3.12/site-packages:${PYTHONPATH} /usr/bin/cmake --install /home/namgeonwoo/COSHOW/ros2_ws/build/crazyflie
[11.744s] -- Install configuration: ""
[11.745s] -- Execute custom install script
[11.745s] -- Symlinking: /home/namgeonwoo/COSHOW/ros2_ws/install/crazyflie/lib/crazyflie/teleop
[11.752s] -- Symlinking: /home/namgeonwoo/COSHOW/ros2_ws/install/crazyflie/lib/crazyflie/chooser.py
[11.759s] -- Symlinking: /home/namgeonwoo/COSHOW/ros2_ws/install/crazyflie/lib/crazyflie/cfmult.py
[11.767s] -- Symlinking: /home/namgeonwoo/COSHOW/ros2_ws/install/crazyflie/lib/crazyflie/aideck_streamer.py
[11.772s] -- Symlinking: /home/namgeonwoo/COSHOW/ros2_ws/install/crazyflie/lib/crazyflie/flash.py
[11.779s] -- Symlinking: /home/namgeonwoo/COSHOW/ros2_ws/install/crazyflie/share/crazyflie//launch/launch.py
[11.786s] -- Symlinking: /home/namgeonwoo/COSHOW/ros2_ws/install/crazyflie/share/crazyflie//launch/launch_teleop2.py
[11.793s] -- Symlinking: /home/namgeonwoo/COSHOW/ros2_ws/install/crazyflie/share/crazyflie//launch/teleop_launch.py
[11.800s] -- Symlinking: /home/namgeonwoo/COSHOW/ros2_ws/install/crazyflie/share/crazyflie//config/aideck_streamer.yaml
[11.807s] -- Symlinking: /home/namgeonwoo/COSHOW/ros2_ws/install/crazyflie/share/crazyflie//config/config.rviz
[11.813s] -- Symlinking: /home/namgeonwoo/COSHOW/ros2_ws/install/crazyflie/share/crazyflie//config/crazyflies.yaml
[11.820s] -- Symlinking: /home/namgeonwoo/COSHOW/ros2_ws/install/crazyflie/share/crazyflie//config/motion_capture.yaml
[11.825s] -- Symlinking: /home/namgeonwoo/COSHOW/ros2_ws/install/crazyflie/share/crazyflie//config/server.yaml
[11.832s] -- Symlinking: /home/namgeonwoo/COSHOW/ros2_ws/install/crazyflie/share/crazyflie//config/teleop.yaml
[11.839s] -- Symlinking: /home/namgeonwoo/COSHOW/ros2_ws/install/crazyflie/share/ament_index/resource_index/package_run_dependencies/crazyflie
[11.844s] -- Symlinking: /home/namgeonwoo/COSHOW/ros2_ws/install/crazyflie/share/ament_index/resource_index/parent_prefix_path/crazyflie
[11.849s] -- Symlinking: /home/namgeonwoo/COSHOW/ros2_ws/install/crazyflie/share/crazyflie/environment/ament_prefix_path.sh
[11.855s] -- Symlinking: /home/namgeonwoo/COSHOW/ros2_ws/install/crazyflie/share/crazyflie/environment/ament_prefix_path.dsv
[11.861s] -- Symlinking: /home/namgeonwoo/COSHOW/ros2_ws/install/crazyflie/share/crazyflie/environment/path.sh
[11.867s] -- Symlinking: /home/namgeonwoo/COSHOW/ros2_ws/install/crazyflie/share/crazyflie/environment/path.dsv
[11.872s] -- Symlinking: /home/namgeonwoo/COSHOW/ros2_ws/install/crazyflie/share/crazyflie/local_setup.bash
[11.878s] -- Symlinking: /home/namgeonwoo/COSHOW/ros2_ws/install/crazyflie/share/crazyflie/local_setup.sh
[11.884s] -- Symlinking: /home/namgeonwoo/COSHOW/ros2_ws/install/crazyflie/share/crazyflie/local_setup.zsh
[11.890s] -- Symlinking: /home/namgeonwoo/COSHOW/ros2_ws/install/crazyflie/share/crazyflie/local_setup.dsv
[11.895s] -- Symlinking: /home/namgeonwoo/COSHOW/ros2_ws/install/crazyflie/share/crazyflie/package.dsv
[11.901s] -- Symlinking: /home/namgeonwoo/COSHOW/ros2_ws/install/crazyflie/share/ament_index/resource_index/packages/crazyflie
[11.906s] -- Symlinking: /home/namgeonwoo/COSHOW/ros2_ws/install/crazyflie/share/crazyflie/cmake/crazyflieConfig.cmake
[11.913s] -- Symlinking: /home/namgeonwoo/COSHOW/ros2_ws/install/crazyflie/share/crazyflie/cmake/crazyflieConfig-version.cmake
[11.919s] -- Symlinking: /home/namgeonwoo/COSHOW/ros2_ws/install/crazyflie/share/crazyflie/package.xml
[11.926s] Invoked command in '/home/namgeonwoo/COSHOW/ros2_ws/build/crazyflie' returned '0': AMENT_PREFIX_PATH=/home/namgeonwoo/COSHOW/ros2_ws/install/crazyflie_server_cpp:/home/namgeonwoo/COSHOW/ros2_ws/install/crazyflie_interfaces:/home/namgeonwoo/COSHOW/ros2_ws/install/crazyflie_description:${AMENT_PREFIX_PATH} CMAKE_PREFIX_PATH=/home/namgeonwoo/COSHOW/ros2_ws/install/crazyflie_server_cpp:/home/namgeonwoo/COSHOW/ros2_ws/install/crazyflie_interfaces:/home/namgeonwoo/COSHOW/ros2_ws/install/crazyflie_description:/opt/ros/jazzy/opt/sdformat_vendor:/opt/ros/jazzy/opt/gz_math_vendor:/opt/ros/jazzy/opt/gz_utils_vendor:/opt/ros/jazzy/opt/gz_tools_vendor:/opt/ros/jazzy/opt/gz_cmake_vendor:/opt/ros/jazzy DEBUGINFOD_URLS=https://debuginfod.ubuntu.com LD_LIBRARY_PATH=/home/namgeonwoo/COSHOW/ros2_ws/install/crazyflie_interfaces/lib:${LD_LIBRARY_PATH} PYTHONPATH=/home/namgeonwoo/COSHOW/ros2_ws/install/crazyflie_interfaces/lib/python3.12/site-packages:${PYTHONPATH} /usr/bin/cmake --install /home/namgeonwoo/COSHOW/ros2_ws/build/crazyflie
