[0.022s] Invoking command in '/home/namgeonwoo/COSHOW/ros2_ws/build/crazyflie_sim': CMAKE_PREFIX_PATH=/home/namgeonwoo/COSHOW/ros2_ws/install/crazyflie_interfaces:/home/namgeonwoo/COSHOW/ros2_ws/install/crazyflie_sim:/home/namgeonwoo/COSHOW/ros2_ws/install/crazyflie:/home/namgeonwoo/COSHOW/ros2_ws/install/crazyflie_server_cpp:/home/namgeonwoo/COSHOW/ros2_ws/install/crazyflie_examples:/home/namgeonwoo/COSHOW/ros2_ws/install/crazyflie_description:/opt/ros/jazzy/opt/sdformat_vendor:/opt/ros/jazzy/opt/gz_math_vendor:/opt/ros/jazzy/opt/gz_utils_vendor:/opt/ros/jazzy/opt/gz_tools_vendor:/opt/ros/jazzy/opt/gz_cmake_vendor:/home/namgeonwoo/COSHOW/ros2_ws/install/crazyflie_server_py:/home/namgeonwoo/COSHOW/ros2_ws/install/crazyflie_py:/opt/ros/jazzy DEBUGINFOD_URLS=https://debuginfod.ubuntu.com LD_LIBRARY_PATH=/home/namgeonwoo/COSHOW/ros2_ws/install/crazyflie_interfaces/lib:/usr/local/webots/lib/controller:/opt/ros/jazzy/opt/sdformat_vendor/lib:/opt/ros/jazzy/opt/rviz_ogre_vendor/lib:/opt/ros/jazzy/lib/x86_64-linux-gnu:/opt/ros/jazzy/opt/gz_math_vendor/lib:/opt/ros/jazzy/opt/gz_utils_vendor/lib:/opt/ros/jazzy/opt/gz_tools_vendor/lib:/opt/ros/jazzy/opt/gz_cmake_vendor/lib:/opt/ros/jazzy/lib PYTHONPATH=/home/namgeonwoo/COSHOW/ros2_ws/install/crazyflie_interfaces/lib/python3.12/site-packages:/home/namgeonwoo/COSHOW/crazyflie-firmware/build:/home/namgeonwoo/COSHOW/ros2_ws/install/crazyflie_sim/lib/python3.12/site-packages:/home/namgeonwoo/COSHOW/ros2_ws/build/crazyflie_server_py:/home/namgeonwoo/COSHOW/ros2_ws/install/crazyflie_server_py/lib/python3.12/site-packages:/home/namgeonwoo/COSHOW/ros2_ws/install/crazyflie_examples/lib/python3.12/site-packages:/home/namgeonwoo/COSHOW/ros2_ws/build/crazyflie_py:/home/namgeonwoo/COSHOW/ros2_ws/install/crazyflie_py/lib/python3.12/site-packages:/opt/ros/jazzy/lib/python3.12/site-packages /usr/bin/cmake --build /home/namgeonwoo/COSHOW/ros2_ws/build/crazyflie_sim -- -j22 -l22
[0.126s] Built target ament_cmake_python_symlink_crazyflie_sim_setup
[0.128s] Built target ament_cmake_python_symlink_crazyflie_sim
[0.373s] running install_scripts
[0.402s] running egg_info
[0.409s] /usr/lib/python3/dist-packages/setuptools/_distutils/cmd.py:66: SetuptoolsDeprecationWarning: setup.py install is deprecated.
[0.409s] !!
[0.409s] 
[0.409s]         ********************************************************************************
[0.410s]         Please avoid running ``setup.py`` directly.
[0.410s]         Instead, use pypa/build, pypa/installer or other
[0.410s]         standards-based tools.
[0.410s] 
[0.410s]         See https://blog.ganssle.io/articles/2021/10/setup-py-deprecated.html for details.
[0.411s]         ********************************************************************************
[0.411s] 
[0.411s] !!
[0.411s]   self.initialize_options()
[0.416s] running egg_info
[0.419s] writing crazyflie_sim.egg-info/PKG-INFO
[0.419s] writing dependency_links to crazyflie_sim.egg-info/dependency_links.txt
[0.420s] writing entry points to crazyflie_sim.egg-info/entry_points.txt
[0.420s] writing top-level names to crazyflie_sim.egg-info/top_level.txt
[0.450s] writing crazyflie_sim.egg-info/PKG-INFO
[0.450s] writing dependency_links to crazyflie_sim.egg-info/dependency_links.txt
[0.450s] writing entry points to crazyflie_sim.egg-info/entry_points.txt
[0.451s] writing top-level names to crazyflie_sim.egg-info/top_level.txt
[0.466s] reading manifest file 'crazyflie_sim.egg-info/SOURCES.txt'
[0.467s] writing manifest file 'crazyflie_sim.egg-info/SOURCES.txt'
[0.483s] reading manifest file 'crazyflie_sim.egg-info/SOURCES.txt'
[0.483s] writing manifest file 'crazyflie_sim.egg-info/SOURCES.txt'
[0.501s] Built target ament_cmake_python_build_crazyflie_sim_egg
[0.631s] Installing crazyflie_server script to scripts
[0.670s] Built target ament_cmake_python_build_crazyflie_sim_scripts
[0.684s] Invoked command in '/home/namgeonwoo/COSHOW/ros2_ws/build/crazyflie_sim' returned '0': CMAKE_PREFIX_PATH=/home/namgeonwoo/COSHOW/ros2_ws/install/crazyflie_interfaces:/home/namgeonwoo/COSHOW/ros2_ws/install/crazyflie_sim:/home/namgeonwoo/COSHOW/ros2_ws/install/crazyflie:/home/namgeonwoo/COSHOW/ros2_ws/install/crazyflie_server_cpp:/home/namgeonwoo/COSHOW/ros2_ws/install/crazyflie_examples:/home/namgeonwoo/COSHOW/ros2_ws/install/crazyflie_description:/opt/ros/jazzy/opt/sdformat_vendor:/opt/ros/jazzy/opt/gz_math_vendor:/opt/ros/jazzy/opt/gz_utils_vendor:/opt/ros/jazzy/opt/gz_tools_vendor:/opt/ros/jazzy/opt/gz_cmake_vendor:/home/namgeonwoo/COSHOW/ros2_ws/install/crazyflie_server_py:/home/namgeonwoo/COSHOW/ros2_ws/install/crazyflie_py:/opt/ros/jazzy DEBUGINFOD_URLS=https://debuginfod.ubuntu.com LD_LIBRARY_PATH=/home/namgeonwoo/COSHOW/ros2_ws/install/crazyflie_interfaces/lib:/usr/local/webots/lib/controller:/opt/ros/jazzy/opt/sdformat_vendor/lib:/opt/ros/jazzy/opt/rviz_ogre_vendor/lib:/opt/ros/jazzy/lib/x86_64-linux-gnu:/opt/ros/jazzy/opt/gz_math_vendor/lib:/opt/ros/jazzy/opt/gz_utils_vendor/lib:/opt/ros/jazzy/opt/gz_tools_vendor/lib:/opt/ros/jazzy/opt/gz_cmake_vendor/lib:/opt/ros/jazzy/lib PYTHONPATH=/home/namgeonwoo/COSHOW/ros2_ws/install/crazyflie_interfaces/lib/python3.12/site-packages:/home/namgeonwoo/COSHOW/crazyflie-firmware/build:/home/namgeonwoo/COSHOW/ros2_ws/install/crazyflie_sim/lib/python3.12/site-packages:/home/namgeonwoo/COSHOW/ros2_ws/build/crazyflie_server_py:/home/namgeonwoo/COSHOW/ros2_ws/install/crazyflie_server_py/lib/python3.12/site-packages:/home/namgeonwoo/COSHOW/ros2_ws/install/crazyflie_examples/lib/python3.12/site-packages:/home/namgeonwoo/COSHOW/ros2_ws/build/crazyflie_py:/home/namgeonwoo/COSHOW/ros2_ws/install/crazyflie_py/lib/python3.12/site-packages:/opt/ros/jazzy/lib/python3.12/site-packages /usr/bin/cmake --build /home/namgeonwoo/COSHOW/ros2_ws/build/crazyflie_sim -- -j22 -l22
[0.701s] Invoking command in '/home/namgeonwoo/COSHOW/ros2_ws/build/crazyflie_sim': CMAKE_PREFIX_PATH=/home/namgeonwoo/COSHOW/ros2_ws/install/crazyflie_interfaces:/home/namgeonwoo/COSHOW/ros2_ws/install/crazyflie_sim:/home/namgeonwoo/COSHOW/ros2_ws/install/crazyflie:/home/namgeonwoo/COSHOW/ros2_ws/install/crazyflie_server_cpp:/home/namgeonwoo/COSHOW/ros2_ws/install/crazyflie_examples:/home/namgeonwoo/COSHOW/ros2_ws/install/crazyflie_description:/opt/ros/jazzy/opt/sdformat_vendor:/opt/ros/jazzy/opt/gz_math_vendor:/opt/ros/jazzy/opt/gz_utils_vendor:/opt/ros/jazzy/opt/gz_tools_vendor:/opt/ros/jazzy/opt/gz_cmake_vendor:/home/namgeonwoo/COSHOW/ros2_ws/install/crazyflie_server_py:/home/namgeonwoo/COSHOW/ros2_ws/install/crazyflie_py:/opt/ros/jazzy DEBUGINFOD_URLS=https://debuginfod.ubuntu.com LD_LIBRARY_PATH=/home/namgeonwoo/COSHOW/ros2_ws/install/crazyflie_interfaces/lib:/usr/local/webots/lib/controller:/opt/ros/jazzy/opt/sdformat_vendor/lib:/opt/ros/jazzy/opt/rviz_ogre_vendor/lib:/opt/ros/jazzy/lib/x86_64-linux-gnu:/opt/ros/jazzy/opt/gz_math_vendor/lib:/opt/ros/jazzy/opt/gz_utils_vendor/lib:/opt/ros/jazzy/opt/gz_tools_vendor/lib:/opt/ros/jazzy/opt/gz_cmake_vendor/lib:/opt/ros/jazzy/lib PYTHONPATH=/home/namgeonwoo/COSHOW/ros2_ws/install/crazyflie_interfaces/lib/python3.12/site-packages:/home/namgeonwoo/COSHOW/crazyflie-firmware/build:/home/namgeonwoo/COSHOW/ros2_ws/install/crazyflie_sim/lib/python3.12/site-packages:/home/namgeonwoo/COSHOW/ros2_ws/build/crazyflie_server_py:/home/namgeonwoo/COSHOW/ros2_ws/install/crazyflie_server_py/lib/python3.12/site-packages:/home/namgeonwoo/COSHOW/ros2_ws/install/crazyflie_examples/lib/python3.12/site-packages:/home/namgeonwoo/COSHOW/ros2_ws/build/crazyflie_py:/home/namgeonwoo/COSHOW/ros2_ws/install/crazyflie_py/lib/python3.12/site-packages:/opt/ros/jazzy/lib/python3.12/site-packages /usr/bin/cmake --install /home/namgeonwoo/COSHOW/ros2_ws/build/crazyflie_sim
[0.714s] -- Install configuration: ""
[0.715s] -- Execute custom install script
[0.715s] -- Up-to-date symlink: /home/namgeonwoo/COSHOW/ros2_ws/install/crazyflie_sim/share/crazyflie_sim/environment/pythonpath.sh
[0.715s] -- Up-to-date symlink: /home/namgeonwoo/COSHOW/ros2_ws/install/crazyflie_sim/share/crazyflie_sim/environment/pythonpath.dsv
[0.715s] -- Up-to-date symlink: /home/namgeonwoo/COSHOW/ros2_ws/install/crazyflie_sim/lib/python3.12/site-packages/crazyflie_sim-1.0.5-py3.12.egg-info/PKG-INFO
[0.715s] -- Up-to-date symlink: /home/namgeonwoo/COSHOW/ros2_ws/install/crazyflie_sim/lib/python3.12/site-packages/crazyflie_sim-1.0.5-py3.12.egg-info/SOURCES.txt
[0.716s] -- Up-to-date symlink: /home/namgeonwoo/COSHOW/ros2_ws/install/crazyflie_sim/lib/python3.12/site-packages/crazyflie_sim-1.0.5-py3.12.egg-info/dependency_links.txt
[0.716s] -- Up-to-date symlink: /home/namgeonwoo/COSHOW/ros2_ws/install/crazyflie_sim/lib/python3.12/site-packages/crazyflie_sim-1.0.5-py3.12.egg-info/entry_points.txt
[0.716s] -- Up-to-date symlink: /home/namgeonwoo/COSHOW/ros2_ws/install/crazyflie_sim/lib/python3.12/site-packages/crazyflie_sim-1.0.5-py3.12.egg-info/top_level.txt
[0.716s] -- Up-to-date symlink: /home/namgeonwoo/COSHOW/ros2_ws/install/crazyflie_sim/lib/crazyflie_sim//crazyflie_server
[0.717s] -- Up-to-date symlink: /home/namgeonwoo/COSHOW/ros2_ws/install/crazyflie_sim/lib/python3.12/site-packages/crazyflie_sim/__init__.py
[0.717s] -- Up-to-date symlink: /home/namgeonwoo/COSHOW/ros2_ws/install/crazyflie_sim/lib/python3.12/site-packages/crazyflie_sim/backend/data/dynobench/crazyflie2.yaml
[0.718s] -- Up-to-date symlink: /home/namgeonwoo/COSHOW/ros2_ws/install/crazyflie_sim/lib/python3.12/site-packages/crazyflie_sim/backend/data/neuralswarm2/phi_G.pth
[0.718s] -- Up-to-date symlink: /home/namgeonwoo/COSHOW/ros2_ws/install/crazyflie_sim/lib/python3.12/site-packages/crazyflie_sim/backend/data/neuralswarm2/phi_L.pth
[0.718s] -- Up-to-date symlink: /home/namgeonwoo/COSHOW/ros2_ws/install/crazyflie_sim/lib/python3.12/site-packages/crazyflie_sim/backend/data/neuralswarm2/phi_S.pth
[0.718s] -- Up-to-date symlink: /home/namgeonwoo/COSHOW/ros2_ws/install/crazyflie_sim/lib/python3.12/site-packages/crazyflie_sim/backend/data/neuralswarm2/rho_L.pth
[0.718s] -- Up-to-date symlink: /home/namgeonwoo/COSHOW/ros2_ws/install/crazyflie_sim/lib/python3.12/site-packages/crazyflie_sim/backend/data/neuralswarm2/rho_S.pth
[0.718s] -- Up-to-date symlink: /home/namgeonwoo/COSHOW/ros2_ws/install/crazyflie_sim/lib/python3.12/site-packages/crazyflie_sim/backend/data/pinocchio/crazyflie2.urdf
[0.718s] -- Up-to-date symlink: /home/namgeonwoo/COSHOW/ros2_ws/install/crazyflie_sim/lib/python3.12/site-packages/crazyflie_sim/backend/np.py
[0.718s] -- Up-to-date symlink: /home/namgeonwoo/COSHOW/ros2_ws/install/crazyflie_sim/lib/python3.12/site-packages/crazyflie_sim/backend/webots.py
[0.719s] -- Up-to-date symlink: /home/namgeonwoo/COSHOW/ros2_ws/install/crazyflie_sim/lib/python3.12/site-packages/crazyflie_sim/crazyflie_server.py
[0.719s] -- Up-to-date symlink: /home/namgeonwoo/COSHOW/ros2_ws/install/crazyflie_sim/lib/python3.12/site-packages/crazyflie_sim/crazyflie_sil.py
[0.719s] -- Up-to-date symlink: /home/namgeonwoo/COSHOW/ros2_ws/install/crazyflie_sim/lib/python3.12/site-packages/crazyflie_sim/sim_data_types.py
[0.719s] -- Up-to-date symlink: /home/namgeonwoo/COSHOW/ros2_ws/install/crazyflie_sim/lib/python3.12/site-packages/crazyflie_sim/visualization/README.md
[0.719s] -- Up-to-date symlink: /home/namgeonwoo/COSHOW/ros2_ws/install/crazyflie_sim/lib/python3.12/site-packages/crazyflie_sim/visualization/blender.py
[0.719s] -- Up-to-date symlink: /home/namgeonwoo/COSHOW/ros2_ws/install/crazyflie_sim/lib/python3.12/site-packages/crazyflie_sim/visualization/data/README.md
[0.719s] -- Up-to-date symlink: /home/namgeonwoo/COSHOW/ros2_ws/install/crazyflie_sim/lib/python3.12/site-packages/crazyflie_sim/visualization/data/env/abandoned_greenhouse.jpg
[0.719s] -- Up-to-date symlink: /home/namgeonwoo/COSHOW/ros2_ws/install/crazyflie_sim/lib/python3.12/site-packages/crazyflie_sim/visualization/data/env/aerodynamics_workshop.jpg
[0.719s] -- Up-to-date symlink: /home/namgeonwoo/COSHOW/ros2_ws/install/crazyflie_sim/lib/python3.12/site-packages/crazyflie_sim/visualization/data/env/aviation_museum.jpg
[0.719s] -- Up-to-date symlink: /home/namgeonwoo/COSHOW/ros2_ws/install/crazyflie_sim/lib/python3.12/site-packages/crazyflie_sim/visualization/data/env/crosswalk.jpg
[0.720s] -- Up-to-date symlink: /home/namgeonwoo/COSHOW/ros2_ws/install/crazyflie_sim/lib/python3.12/site-packages/crazyflie_sim/visualization/data/env/derelict_overpass.jpg
[0.720s] -- Up-to-date symlink: /home/namgeonwoo/COSHOW/ros2_ws/install/crazyflie_sim/lib/python3.12/site-packages/crazyflie_sim/visualization/data/env/env.jpg
[0.720s] -- Up-to-date symlink: /home/namgeonwoo/COSHOW/ros2_ws/install/crazyflie_sim/lib/python3.12/site-packages/crazyflie_sim/visualization/data/env/lago_disola.jpg
[0.720s] -- Up-to-date symlink: /home/namgeonwoo/COSHOW/ros2_ws/install/crazyflie_sim/lib/python3.12/site-packages/crazyflie_sim/visualization/data/env/lake_pier.jpg
[0.720s] -- Up-to-date symlink: /home/namgeonwoo/COSHOW/ros2_ws/install/crazyflie_sim/lib/python3.12/site-packages/crazyflie_sim/visualization/data/env/machine_shop.jpg
[0.720s] -- Up-to-date symlink: /home/namgeonwoo/COSHOW/ros2_ws/install/crazyflie_sim/lib/python3.12/site-packages/crazyflie_sim/visualization/data/env/museumplein.jpg
[0.720s] -- Up-to-date symlink: /home/namgeonwoo/COSHOW/ros2_ws/install/crazyflie_sim/lib/python3.12/site-packages/crazyflie_sim/visualization/data/env/peppermint_powerplant.jpg
[0.720s] -- Up-to-date symlink: /home/namgeonwoo/COSHOW/ros2_ws/install/crazyflie_sim/lib/python3.12/site-packages/crazyflie_sim/visualization/data/env/studio_garden.jpg
[0.720s] -- Up-to-date symlink: /home/namgeonwoo/COSHOW/ros2_ws/install/crazyflie_sim/lib/python3.12/site-packages/crazyflie_sim/visualization/data/model/cf.mtl
[0.721s] -- Up-to-date symlink: /home/namgeonwoo/COSHOW/ros2_ws/install/crazyflie_sim/lib/python3.12/site-packages/crazyflie_sim/visualization/data/model/cf.obj
[0.721s] -- Up-to-date symlink: /home/namgeonwoo/COSHOW/ros2_ws/install/crazyflie_sim/lib/python3.12/site-packages/crazyflie_sim/visualization/pdf.py
[0.721s] -- Up-to-date symlink: /home/namgeonwoo/COSHOW/ros2_ws/install/crazyflie_sim/lib/python3.12/site-packages/crazyflie_sim/visualization/pose.py
[0.721s] -- Up-to-date symlink: /home/namgeonwoo/COSHOW/ros2_ws/install/crazyflie_sim/lib/python3.12/site-packages/crazyflie_sim/visualization/record_states.py
[0.721s] -- Up-to-date symlink: /home/namgeonwoo/COSHOW/ros2_ws/install/crazyflie_sim/lib/python3.12/site-packages/crazyflie_sim/visualization/rviz.py
[0.721s] -- Up-to-date symlink: /home/namgeonwoo/COSHOW/ros2_ws/install/crazyflie_sim/share/ament_index/resource_index/package_run_dependencies/crazyflie_sim
[0.721s] -- Up-to-date symlink: /home/namgeonwoo/COSHOW/ros2_ws/install/crazyflie_sim/share/ament_index/resource_index/parent_prefix_path/crazyflie_sim
[0.721s] -- Up-to-date symlink: /home/namgeonwoo/COSHOW/ros2_ws/install/crazyflie_sim/share/crazyflie_sim/environment/ament_prefix_path.sh
[0.722s] -- Up-to-date symlink: /home/namgeonwoo/COSHOW/ros2_ws/install/crazyflie_sim/share/crazyflie_sim/environment/ament_prefix_path.dsv
[0.722s] -- Up-to-date symlink: /home/namgeonwoo/COSHOW/ros2_ws/install/crazyflie_sim/share/crazyflie_sim/environment/path.sh
[0.722s] -- Up-to-date symlink: /home/namgeonwoo/COSHOW/ros2_ws/install/crazyflie_sim/share/crazyflie_sim/environment/path.dsv
[0.722s] -- Up-to-date symlink: /home/namgeonwoo/COSHOW/ros2_ws/install/crazyflie_sim/share/crazyflie_sim/local_setup.bash
[0.722s] -- Up-to-date symlink: /home/namgeonwoo/COSHOW/ros2_ws/install/crazyflie_sim/share/crazyflie_sim/local_setup.sh
[0.722s] -- Up-to-date symlink: /home/namgeonwoo/COSHOW/ros2_ws/install/crazyflie_sim/share/crazyflie_sim/local_setup.zsh
[0.722s] -- Up-to-date symlink: /home/namgeonwoo/COSHOW/ros2_ws/install/crazyflie_sim/share/crazyflie_sim/local_setup.dsv
[0.723s] -- Symlinking: /home/namgeonwoo/COSHOW/ros2_ws/install/crazyflie_sim/share/crazyflie_sim/package.dsv
[0.737s] -- Up-to-date symlink: /home/namgeonwoo/COSHOW/ros2_ws/install/crazyflie_sim/share/ament_index/resource_index/packages/crazyflie_sim
[0.738s] -- Up-to-date symlink: /home/namgeonwoo/COSHOW/ros2_ws/install/crazyflie_sim/share/crazyflie_sim/cmake/crazyflie_simConfig.cmake
[0.738s] -- Up-to-date symlink: /home/namgeonwoo/COSHOW/ros2_ws/install/crazyflie_sim/share/crazyflie_sim/cmake/crazyflie_simConfig-version.cmake
[0.738s] -- Up-to-date symlink: /home/namgeonwoo/COSHOW/ros2_ws/install/crazyflie_sim/share/crazyflie_sim/package.xml
[0.790s] Listing '/home/namgeonwoo/COSHOW/ros2_ws/install/crazyflie_sim/lib/python3.12/site-packages/crazyflie_sim'...
[0.790s] Listing '/home/namgeonwoo/COSHOW/ros2_ws/install/crazyflie_sim/lib/python3.12/site-packages/crazyflie_sim/backend'...
[0.790s] Listing '/home/namgeonwoo/COSHOW/ros2_ws/install/crazyflie_sim/lib/python3.12/site-packages/crazyflie_sim/backend/data'...
[0.790s] Listing '/home/namgeonwoo/COSHOW/ros2_ws/install/crazyflie_sim/lib/python3.12/site-packages/crazyflie_sim/backend/data/dynobench'...
[0.790s] Listing '/home/namgeonwoo/COSHOW/ros2_ws/install/crazyflie_sim/lib/python3.12/site-packages/crazyflie_sim/backend/data/neuralswarm2'...
[0.790s] Listing '/home/namgeonwoo/COSHOW/ros2_ws/install/crazyflie_sim/lib/python3.12/site-packages/crazyflie_sim/backend/data/pinocchio'...
[0.790s] Compiling '/home/namgeonwoo/COSHOW/ros2_ws/install/crazyflie_sim/lib/python3.12/site-packages/crazyflie_sim/backend/np.py'...
[0.790s] Listing '/home/namgeonwoo/COSHOW/ros2_ws/install/crazyflie_sim/lib/python3.12/site-packages/crazyflie_sim/visualization'...
[0.790s] Listing '/home/namgeonwoo/COSHOW/ros2_ws/install/crazyflie_sim/lib/python3.12/site-packages/crazyflie_sim/visualization/data'...
[0.790s] Listing '/home/namgeonwoo/COSHOW/ros2_ws/install/crazyflie_sim/lib/python3.12/site-packages/crazyflie_sim/visualization/data/env'...
[0.790s] Listing '/home/namgeonwoo/COSHOW/ros2_ws/install/crazyflie_sim/lib/python3.12/site-packages/crazyflie_sim/visualization/data/model'...
[0.799s] Invoked command in '/home/namgeonwoo/COSHOW/ros2_ws/build/crazyflie_sim' returned '0': CMAKE_PREFIX_PATH=/home/namgeonwoo/COSHOW/ros2_ws/install/crazyflie_interfaces:/home/namgeonwoo/COSHOW/ros2_ws/install/crazyflie_sim:/home/namgeonwoo/COSHOW/ros2_ws/install/crazyflie:/home/namgeonwoo/COSHOW/ros2_ws/install/crazyflie_server_cpp:/home/namgeonwoo/COSHOW/ros2_ws/install/crazyflie_examples:/home/namgeonwoo/COSHOW/ros2_ws/install/crazyflie_description:/opt/ros/jazzy/opt/sdformat_vendor:/opt/ros/jazzy/opt/gz_math_vendor:/opt/ros/jazzy/opt/gz_utils_vendor:/opt/ros/jazzy/opt/gz_tools_vendor:/opt/ros/jazzy/opt/gz_cmake_vendor:/home/namgeonwoo/COSHOW/ros2_ws/install/crazyflie_server_py:/home/namgeonwoo/COSHOW/ros2_ws/install/crazyflie_py:/opt/ros/jazzy DEBUGINFOD_URLS=https://debuginfod.ubuntu.com LD_LIBRARY_PATH=/home/namgeonwoo/COSHOW/ros2_ws/install/crazyflie_interfaces/lib:/usr/local/webots/lib/controller:/opt/ros/jazzy/opt/sdformat_vendor/lib:/opt/ros/jazzy/opt/rviz_ogre_vendor/lib:/opt/ros/jazzy/lib/x86_64-linux-gnu:/opt/ros/jazzy/opt/gz_math_vendor/lib:/opt/ros/jazzy/opt/gz_utils_vendor/lib:/opt/ros/jazzy/opt/gz_tools_vendor/lib:/opt/ros/jazzy/opt/gz_cmake_vendor/lib:/opt/ros/jazzy/lib PYTHONPATH=/home/namgeonwoo/COSHOW/ros2_ws/install/crazyflie_interfaces/lib/python3.12/site-packages:/home/namgeonwoo/COSHOW/crazyflie-firmware/build:/home/namgeonwoo/COSHOW/ros2_ws/install/crazyflie_sim/lib/python3.12/site-packages:/home/namgeonwoo/COSHOW/ros2_ws/build/crazyflie_server_py:/home/namgeonwoo/COSHOW/ros2_ws/install/crazyflie_server_py/lib/python3.12/site-packages:/home/namgeonwoo/COSHOW/ros2_ws/install/crazyflie_examples/lib/python3.12/site-packages:/home/namgeonwoo/COSHOW/ros2_ws/build/crazyflie_py:/home/namgeonwoo/COSHOW/ros2_ws/install/crazyflie_py/lib/python3.12/site-packages:/opt/ros/jazzy/lib/python3.12/site-packages /usr/bin/cmake --install /home/namgeonwoo/COSHOW/ros2_ws/build/crazyflie_sim
