[0.016s] Invoking command in '/home/namgeonwoo/COSHOW/ros2_ws/build/crazyflie_examples': AMENT_PREFIX_PATH=/home/namgeonwoo/COSHOW/ros2_ws/install/crazyflie_py:/home/namgeonwoo/COSHOW/ros2_ws/install/crazyflie_interfaces:${AMENT_PREFIX_PATH} CMAKE_PREFIX_PATH=/home/namgeonwoo/COSHOW/ros2_ws/install/crazyflie_interfaces:/opt/ros/jazzy/opt/sdformat_vendor:/opt/ros/jazzy/opt/gz_math_vendor:/opt/ros/jazzy/opt/gz_utils_vendor:/opt/ros/jazzy/opt/gz_tools_vendor:/opt/ros/jazzy/opt/gz_cmake_vendor:/opt/ros/jazzy DEBUGINFOD_URLS=https://debuginfod.ubuntu.com LD_LIBRARY_PATH=/home/namgeonwoo/COSHOW/ros2_ws/install/crazyflie_interfaces/lib:${LD_LIBRARY_PATH} PYTHONPATH=/home/namgeonwoo/COSHOW/ros2_ws/build/crazyflie_py:/home/namgeonwoo/COSHOW/ros2_ws/install/crazyflie_py/lib/python3.12/site-packages:/home/namgeonwoo/COSHOW/ros2_ws/install/crazyflie_interfaces/lib/python3.12/site-packages:${PYTHONPATH} /usr/bin/cmake /home/namgeonwoo/COSHOW/ros2_ws/src/crazyswarm2/crazyflie_examples -DAMENT_CMAKE_SYMLINK_INSTALL=1 -DCMAKE_INSTALL_PREFIX=/home/namgeonwoo/COSHOW/ros2_ws/install/crazyflie_examples
[0.057s] -- The C compiler identification is GNU 13.3.0
[0.105s] -- The CXX compiler identification is GNU 13.3.0
[0.119s] -- Detecting C compiler ABI info
[0.191s] -- Detecting C compiler ABI info - done
[0.200s] -- Check for working C compiler: /usr/bin/cc - skipped
[0.200s] -- Detecting C compile features
[0.200s] -- Detecting C compile features - done
[0.211s] -- Detecting CXX compiler ABI info
[0.309s] -- Detecting CXX compiler ABI info - done
[0.320s] -- Check for working CXX compiler: /usr/bin/c++ - skipped
[0.320s] -- Detecting CXX compile features
[0.321s] -- Detecting CXX compile features - done
[0.323s] -- Found ament_cmake: 2.5.6 (/opt/ros/jazzy/share/ament_cmake/cmake)
[0.473s] -- Found Python3: /usr/bin/python3 (found version "3.12.3") found components: Interpreter 
[0.552s] -- Override CMake install command with custom implementation using symlinks instead of copying resources
[0.662s] -- Found ament_cmake_pytest: 2.5.6 (/opt/ros/jazzy/share/ament_cmake_pytest/cmake)
[1.424s] -- Configuring done (1.4s)
[1.426s] -- Generating done (0.0s)
[1.428s] -- Build files have been written to: /home/namgeonwoo/COSHOW/ros2_ws/build/crazyflie_examples
[1.435s] Invoked command in '/home/namgeonwoo/COSHOW/ros2_ws/build/crazyflie_examples' returned '0': AMENT_PREFIX_PATH=/home/namgeonwoo/COSHOW/ros2_ws/install/crazyflie_py:/home/namgeonwoo/COSHOW/ros2_ws/install/crazyflie_interfaces:${AMENT_PREFIX_PATH} CMAKE_PREFIX_PATH=/home/namgeonwoo/COSHOW/ros2_ws/install/crazyflie_interfaces:/opt/ros/jazzy/opt/sdformat_vendor:/opt/ros/jazzy/opt/gz_math_vendor:/opt/ros/jazzy/opt/gz_utils_vendor:/opt/ros/jazzy/opt/gz_tools_vendor:/opt/ros/jazzy/opt/gz_cmake_vendor:/opt/ros/jazzy DEBUGINFOD_URLS=https://debuginfod.ubuntu.com LD_LIBRARY_PATH=/home/namgeonwoo/COSHOW/ros2_ws/install/crazyflie_interfaces/lib:${LD_LIBRARY_PATH} PYTHONPATH=/home/namgeonwoo/COSHOW/ros2_ws/build/crazyflie_py:/home/namgeonwoo/COSHOW/ros2_ws/install/crazyflie_py/lib/python3.12/site-packages:/home/namgeonwoo/COSHOW/ros2_ws/install/crazyflie_interfaces/lib/python3.12/site-packages:${PYTHONPATH} /usr/bin/cmake /home/namgeonwoo/COSHOW/ros2_ws/src/crazyswarm2/crazyflie_examples -DAMENT_CMAKE_SYMLINK_INSTALL=1 -DCMAKE_INSTALL_PREFIX=/home/namgeonwoo/COSHOW/ros2_ws/install/crazyflie_examples
[1.435s] Invoking command in '/home/namgeonwoo/COSHOW/ros2_ws/build/crazyflie_examples': AMENT_PREFIX_PATH=/home/namgeonwoo/COSHOW/ros2_ws/install/crazyflie_py:/home/namgeonwoo/COSHOW/ros2_ws/install/crazyflie_interfaces:${AMENT_PREFIX_PATH} CMAKE_PREFIX_PATH=/home/namgeonwoo/COSHOW/ros2_ws/install/crazyflie_interfaces:/opt/ros/jazzy/opt/sdformat_vendor:/opt/ros/jazzy/opt/gz_math_vendor:/opt/ros/jazzy/opt/gz_utils_vendor:/opt/ros/jazzy/opt/gz_tools_vendor:/opt/ros/jazzy/opt/gz_cmake_vendor:/opt/ros/jazzy DEBUGINFOD_URLS=https://debuginfod.ubuntu.com LD_LIBRARY_PATH=/home/namgeonwoo/COSHOW/ros2_ws/install/crazyflie_interfaces/lib:${LD_LIBRARY_PATH} PYTHONPATH=/home/namgeonwoo/COSHOW/ros2_ws/build/crazyflie_py:/home/namgeonwoo/COSHOW/ros2_ws/install/crazyflie_py/lib/python3.12/site-packages:/home/namgeonwoo/COSHOW/ros2_ws/install/crazyflie_interfaces/lib/python3.12/site-packages:${PYTHONPATH} /usr/bin/cmake --build /home/namgeonwoo/COSHOW/ros2_ws/build/crazyflie_examples -- -j22 -l22
[1.488s] Built target ament_cmake_python_symlink_crazyflie_examples_setup
[1.489s] Built target ament_cmake_python_symlink_crazyflie_examples
[1.639s] running egg_info
[1.640s] creating crazyflie_examples.egg-info
[1.652s] writing crazyflie_examples.egg-info/PKG-INFO
[1.653s] writing dependency_links to crazyflie_examples.egg-info/dependency_links.txt
[1.653s] writing entry points to crazyflie_examples.egg-info/entry_points.txt
[1.653s] writing top-level names to crazyflie_examples.egg-info/top_level.txt
[1.653s] writing manifest file 'crazyflie_examples.egg-info/SOURCES.txt'
[1.663s] running install_scripts
[1.691s] reading manifest file 'crazyflie_examples.egg-info/SOURCES.txt'
[1.691s] writing manifest file 'crazyflie_examples.egg-info/SOURCES.txt'
[1.691s] /usr/lib/python3/dist-packages/setuptools/_distutils/cmd.py:66: SetuptoolsDeprecationWarning: setup.py install is deprecated.
[1.691s] !!
[1.691s] 
[1.692s]         ********************************************************************************
[1.692s]         Please avoid running ``setup.py`` directly.
[1.692s]         Instead, use pypa/build, pypa/installer or other
[1.692s]         standards-based tools.
[1.692s] 
[1.692s]         See https://blog.ganssle.io/articles/2021/10/setup-py-deprecated.html for details.
[1.692s]         ********************************************************************************
[1.692s] 
[1.692s] !!
[1.692s]   self.initialize_options()
[1.697s] running egg_info
[1.716s] Built target ament_cmake_python_build_crazyflie_examples_egg
[1.731s] writing crazyflie_examples.egg-info/PKG-INFO
[1.731s] writing dependency_links to crazyflie_examples.egg-info/dependency_links.txt
[1.732s] writing entry points to crazyflie_examples.egg-info/entry_points.txt
[1.732s] writing top-level names to crazyflie_examples.egg-info/top_level.txt
[1.766s] reading manifest file 'crazyflie_examples.egg-info/SOURCES.txt'
[1.767s] writing manifest file 'crazyflie_examples.egg-info/SOURCES.txt'
[1.859s] Installing arming script to scripts
[1.859s] Installing cmd_full_state script to scripts
[1.859s] Installing figure8 script to scripts
[1.859s] Installing goto_unicast script to scripts
[1.859s] Installing group_mask script to scripts
[1.859s] Installing hello_world script to scripts
[1.860s] Installing infinite_flight script to scripts
[1.860s] Installing multi_trajectory script to scripts
[1.860s] Installing nice_hover script to scripts
[1.860s] Installing set_param script to scripts
[1.860s] Installing simple_mapper_multiranger script to scripts
[1.860s] Installing swap script to scripts
[1.860s] Installing vel_mux script to scripts
[1.890s] Built target ament_cmake_python_build_crazyflie_examples_scripts
[1.899s] Invoked command in '/home/namgeonwoo/COSHOW/ros2_ws/build/crazyflie_examples' returned '0': AMENT_PREFIX_PATH=/home/namgeonwoo/COSHOW/ros2_ws/install/crazyflie_py:/home/namgeonwoo/COSHOW/ros2_ws/install/crazyflie_interfaces:${AMENT_PREFIX_PATH} CMAKE_PREFIX_PATH=/home/namgeonwoo/COSHOW/ros2_ws/install/crazyflie_interfaces:/opt/ros/jazzy/opt/sdformat_vendor:/opt/ros/jazzy/opt/gz_math_vendor:/opt/ros/jazzy/opt/gz_utils_vendor:/opt/ros/jazzy/opt/gz_tools_vendor:/opt/ros/jazzy/opt/gz_cmake_vendor:/opt/ros/jazzy DEBUGINFOD_URLS=https://debuginfod.ubuntu.com LD_LIBRARY_PATH=/home/namgeonwoo/COSHOW/ros2_ws/install/crazyflie_interfaces/lib:${LD_LIBRARY_PATH} PYTHONPATH=/home/namgeonwoo/COSHOW/ros2_ws/build/crazyflie_py:/home/namgeonwoo/COSHOW/ros2_ws/install/crazyflie_py/lib/python3.12/site-packages:/home/namgeonwoo/COSHOW/ros2_ws/install/crazyflie_interfaces/lib/python3.12/site-packages:${PYTHONPATH} /usr/bin/cmake --build /home/namgeonwoo/COSHOW/ros2_ws/build/crazyflie_examples -- -j22 -l22
[1.900s] Invoking command in '/home/namgeonwoo/COSHOW/ros2_ws/build/crazyflie_examples': AMENT_PREFIX_PATH=/home/namgeonwoo/COSHOW/ros2_ws/install/crazyflie_py:/home/namgeonwoo/COSHOW/ros2_ws/install/crazyflie_interfaces:${AMENT_PREFIX_PATH} CMAKE_PREFIX_PATH=/home/namgeonwoo/COSHOW/ros2_ws/install/crazyflie_interfaces:/opt/ros/jazzy/opt/sdformat_vendor:/opt/ros/jazzy/opt/gz_math_vendor:/opt/ros/jazzy/opt/gz_utils_vendor:/opt/ros/jazzy/opt/gz_tools_vendor:/opt/ros/jazzy/opt/gz_cmake_vendor:/opt/ros/jazzy DEBUGINFOD_URLS=https://debuginfod.ubuntu.com LD_LIBRARY_PATH=/home/namgeonwoo/COSHOW/ros2_ws/install/crazyflie_interfaces/lib:${LD_LIBRARY_PATH} PYTHONPATH=/home/namgeonwoo/COSHOW/ros2_ws/build/crazyflie_py:/home/namgeonwoo/COSHOW/ros2_ws/install/crazyflie_py/lib/python3.12/site-packages:/home/namgeonwoo/COSHOW/ros2_ws/install/crazyflie_interfaces/lib/python3.12/site-packages:${PYTHONPATH} /usr/bin/cmake --install /home/namgeonwoo/COSHOW/ros2_ws/build/crazyflie_examples
[1.908s] -- Install configuration: ""
[1.908s] -- Execute custom install script
[1.908s] -- Symlinking: /home/namgeonwoo/COSHOW/ros2_ws/install/crazyflie_examples/share/crazyflie_examples/environment/pythonpath.sh
[1.917s] -- Symlinking: /home/namgeonwoo/COSHOW/ros2_ws/install/crazyflie_examples/share/crazyflie_examples/environment/pythonpath.dsv
[1.925s] -- Symlinking: /home/namgeonwoo/COSHOW/ros2_ws/install/crazyflie_examples/lib/python3.12/site-packages/crazyflie_examples-1.0.5-py3.12.egg-info/PKG-INFO
[1.933s] -- Symlinking: /home/namgeonwoo/COSHOW/ros2_ws/install/crazyflie_examples/lib/python3.12/site-packages/crazyflie_examples-1.0.5-py3.12.egg-info/SOURCES.txt
[1.938s] -- Symlinking: /home/namgeonwoo/COSHOW/ros2_ws/install/crazyflie_examples/lib/python3.12/site-packages/crazyflie_examples-1.0.5-py3.12.egg-info/dependency_links.txt
[1.944s] -- Symlinking: /home/namgeonwoo/COSHOW/ros2_ws/install/crazyflie_examples/lib/python3.12/site-packages/crazyflie_examples-1.0.5-py3.12.egg-info/entry_points.txt
[1.949s] -- Symlinking: /home/namgeonwoo/COSHOW/ros2_ws/install/crazyflie_examples/lib/python3.12/site-packages/crazyflie_examples-1.0.5-py3.12.egg-info/top_level.txt
[1.955s] -- Symlinking: /home/namgeonwoo/COSHOW/ros2_ws/install/crazyflie_examples/lib/crazyflie_examples//arming
[1.961s] -- Symlinking: /home/namgeonwoo/COSHOW/ros2_ws/install/crazyflie_examples/lib/crazyflie_examples//cmd_full_state
[1.967s] -- Symlinking: /home/namgeonwoo/COSHOW/ros2_ws/install/crazyflie_examples/lib/crazyflie_examples//figure8
[1.973s] -- Symlinking: /home/namgeonwoo/COSHOW/ros2_ws/install/crazyflie_examples/lib/crazyflie_examples//goto_unicast
[1.979s] -- Symlinking: /home/namgeonwoo/COSHOW/ros2_ws/install/crazyflie_examples/lib/crazyflie_examples//group_mask
[1.987s] -- Symlinking: /home/namgeonwoo/COSHOW/ros2_ws/install/crazyflie_examples/lib/crazyflie_examples//hello_world
[1.993s] -- Symlinking: /home/namgeonwoo/COSHOW/ros2_ws/install/crazyflie_examples/lib/crazyflie_examples//infinite_flight
[1.999s] -- Symlinking: /home/namgeonwoo/COSHOW/ros2_ws/install/crazyflie_examples/lib/crazyflie_examples//multi_trajectory
[2.005s] -- Symlinking: /home/namgeonwoo/COSHOW/ros2_ws/install/crazyflie_examples/lib/crazyflie_examples//nice_hover
[2.011s] -- Symlinking: /home/namgeonwoo/COSHOW/ros2_ws/install/crazyflie_examples/lib/crazyflie_examples//set_param
[2.017s] -- Symlinking: /home/namgeonwoo/COSHOW/ros2_ws/install/crazyflie_examples/lib/crazyflie_examples//simple_mapper_multiranger
[2.024s] -- Symlinking: /home/namgeonwoo/COSHOW/ros2_ws/install/crazyflie_examples/lib/crazyflie_examples//swap
[2.029s] -- Symlinking: /home/namgeonwoo/COSHOW/ros2_ws/install/crazyflie_examples/lib/crazyflie_examples//vel_mux
[2.035s] -- Symlinking: /home/namgeonwoo/COSHOW/ros2_ws/install/crazyflie_examples/lib/python3.12/site-packages/crazyflie_examples/__init__.py
[2.044s] -- Symlinking: /home/namgeonwoo/COSHOW/ros2_ws/install/crazyflie_examples/lib/python3.12/site-packages/crazyflie_examples/arming.py
[2.051s] -- Symlinking: /home/namgeonwoo/COSHOW/ros2_ws/install/crazyflie_examples/lib/python3.12/site-packages/crazyflie_examples/cmd_full_state.py
[2.056s] -- Symlinking: /home/namgeonwoo/COSHOW/ros2_ws/install/crazyflie_examples/lib/python3.12/site-packages/crazyflie_examples/data/figure8.csv
[2.063s] -- Symlinking: /home/namgeonwoo/COSHOW/ros2_ws/install/crazyflie_examples/lib/python3.12/site-packages/crazyflie_examples/data/multi_trajectory/traj0.csv
[2.069s] -- Symlinking: /home/namgeonwoo/COSHOW/ros2_ws/install/crazyflie_examples/lib/python3.12/site-packages/crazyflie_examples/data/multi_trajectory/traj1.csv
[2.075s] -- Symlinking: /home/namgeonwoo/COSHOW/ros2_ws/install/crazyflie_examples/lib/python3.12/site-packages/crazyflie_examples/figure8.py
[2.083s] -- Symlinking: /home/namgeonwoo/COSHOW/ros2_ws/install/crazyflie_examples/lib/python3.12/site-packages/crazyflie_examples/goto_unicast.py
[2.088s] -- Symlinking: /home/namgeonwoo/COSHOW/ros2_ws/install/crazyflie_examples/lib/python3.12/site-packages/crazyflie_examples/group_mask.py
[2.092s] -- Symlinking: /home/namgeonwoo/COSHOW/ros2_ws/install/crazyflie_examples/lib/python3.12/site-packages/crazyflie_examples/hello_world.py
[2.099s] -- Symlinking: /home/namgeonwoo/COSHOW/ros2_ws/install/crazyflie_examples/lib/python3.12/site-packages/crazyflie_examples/infinite_flight.py
[2.105s] -- Symlinking: /home/namgeonwoo/COSHOW/ros2_ws/install/crazyflie_examples/lib/python3.12/site-packages/crazyflie_examples/multi_trajectory.py
[2.110s] -- Symlinking: /home/namgeonwoo/COSHOW/ros2_ws/install/crazyflie_examples/lib/python3.12/site-packages/crazyflie_examples/nice_hover.py
[2.115s] -- Symlinking: /home/namgeonwoo/COSHOW/ros2_ws/install/crazyflie_examples/lib/python3.12/site-packages/crazyflie_examples/set_param.py
[2.122s] -- Symlinking: /home/namgeonwoo/COSHOW/ros2_ws/install/crazyflie_examples/lib/python3.12/site-packages/crazyflie_examples/simple_mapper_multiranger.py
[2.127s] -- Symlinking: /home/namgeonwoo/COSHOW/ros2_ws/install/crazyflie_examples/lib/python3.12/site-packages/crazyflie_examples/swap.py
[2.134s] -- Symlinking: /home/namgeonwoo/COSHOW/ros2_ws/install/crazyflie_examples/lib/python3.12/site-packages/crazyflie_examples/vel_mux.py
[2.139s] -- Symlinking: /home/namgeonwoo/COSHOW/ros2_ws/install/crazyflie_examples/share/crazyflie_examples//config/nav2_params.yaml
[2.145s] -- Symlinking: /home/namgeonwoo/COSHOW/ros2_ws/install/crazyflie_examples/share/crazyflie_examples//config/nav2_view.rviz
[2.150s] -- Symlinking: /home/namgeonwoo/COSHOW/ros2_ws/install/crazyflie_examples/share/crazyflie_examples//config/slam_params.yaml
[2.157s] -- Symlinking: /home/namgeonwoo/COSHOW/ros2_ws/install/crazyflie_examples/share/crazyflie_examples//data/map.data
[2.161s] -- Symlinking: /home/namgeonwoo/COSHOW/ros2_ws/install/crazyflie_examples/share/crazyflie_examples//data/map.pgm
[2.169s] -- Symlinking: /home/namgeonwoo/COSHOW/ros2_ws/install/crazyflie_examples/share/crazyflie_examples//data/map.posegraph
[2.178s] -- Symlinking: /home/namgeonwoo/COSHOW/ros2_ws/install/crazyflie_examples/share/crazyflie_examples//data/map.yaml
[2.185s] -- Symlinking: /home/namgeonwoo/COSHOW/ros2_ws/install/crazyflie_examples/share/crazyflie_examples//launch/keyboard_velmux_launch.py
[2.192s] -- Symlinking: /home/namgeonwoo/COSHOW/ros2_ws/install/crazyflie_examples/share/crazyflie_examples//launch/launch.py
[2.199s] -- Symlinking: /home/namgeonwoo/COSHOW/ros2_ws/install/crazyflie_examples/share/crazyflie_examples//launch/multiranger_mapping_launch.py
[2.207s] -- Symlinking: /home/namgeonwoo/COSHOW/ros2_ws/install/crazyflie_examples/share/crazyflie_examples//launch/multiranger_nav2_launch.py
[2.215s] -- Symlinking: /home/namgeonwoo/COSHOW/ros2_ws/install/crazyflie_examples/share/crazyflie_examples//launch/multiranger_simple_mapper_launch.py
[2.223s] -- Symlinking: /home/namgeonwoo/COSHOW/ros2_ws/install/crazyflie_examples/share/ament_index/resource_index/package_run_dependencies/crazyflie_examples
[2.231s] -- Symlinking: /home/namgeonwoo/COSHOW/ros2_ws/install/crazyflie_examples/share/ament_index/resource_index/parent_prefix_path/crazyflie_examples
[2.239s] -- Symlinking: /home/namgeonwoo/COSHOW/ros2_ws/install/crazyflie_examples/share/crazyflie_examples/environment/ament_prefix_path.sh
[2.246s] -- Symlinking: /home/namgeonwoo/COSHOW/ros2_ws/install/crazyflie_examples/share/crazyflie_examples/environment/ament_prefix_path.dsv
[2.251s] -- Symlinking: /home/namgeonwoo/COSHOW/ros2_ws/install/crazyflie_examples/share/crazyflie_examples/environment/path.sh
[2.256s] -- Symlinking: /home/namgeonwoo/COSHOW/ros2_ws/install/crazyflie_examples/share/crazyflie_examples/environment/path.dsv
[2.264s] -- Symlinking: /home/namgeonwoo/COSHOW/ros2_ws/install/crazyflie_examples/share/crazyflie_examples/local_setup.bash
[2.269s] -- Symlinking: /home/namgeonwoo/COSHOW/ros2_ws/install/crazyflie_examples/share/crazyflie_examples/local_setup.sh
[2.277s] -- Symlinking: /home/namgeonwoo/COSHOW/ros2_ws/install/crazyflie_examples/share/crazyflie_examples/local_setup.zsh
[2.284s] -- Symlinking: /home/namgeonwoo/COSHOW/ros2_ws/install/crazyflie_examples/share/crazyflie_examples/local_setup.dsv
[2.290s] -- Symlinking: /home/namgeonwoo/COSHOW/ros2_ws/install/crazyflie_examples/share/crazyflie_examples/package.dsv
[2.295s] -- Symlinking: /home/namgeonwoo/COSHOW/ros2_ws/install/crazyflie_examples/share/ament_index/resource_index/packages/crazyflie_examples
[2.302s] -- Symlinking: /home/namgeonwoo/COSHOW/ros2_ws/install/crazyflie_examples/share/crazyflie_examples/cmake/crazyflie_examplesConfig.cmake
[2.310s] -- Symlinking: /home/namgeonwoo/COSHOW/ros2_ws/install/crazyflie_examples/share/crazyflie_examples/cmake/crazyflie_examplesConfig-version.cmake
[2.316s] -- Symlinking: /home/namgeonwoo/COSHOW/ros2_ws/install/crazyflie_examples/share/crazyflie_examples/package.xml
[2.358s] Listing '/home/namgeonwoo/COSHOW/ros2_ws/install/crazyflie_examples/lib/python3.12/site-packages/crazyflie_examples'...
[2.359s] Compiling '/home/namgeonwoo/COSHOW/ros2_ws/install/crazyflie_examples/lib/python3.12/site-packages/crazyflie_examples/__init__.py'...
[2.359s] Compiling '/home/namgeonwoo/COSHOW/ros2_ws/install/crazyflie_examples/lib/python3.12/site-packages/crazyflie_examples/arming.py'...
[2.359s] Compiling '/home/namgeonwoo/COSHOW/ros2_ws/install/crazyflie_examples/lib/python3.12/site-packages/crazyflie_examples/cmd_full_state.py'...
[2.359s] Listing '/home/namgeonwoo/COSHOW/ros2_ws/install/crazyflie_examples/lib/python3.12/site-packages/crazyflie_examples/data'...
[2.359s] Listing '/home/namgeonwoo/COSHOW/ros2_ws/install/crazyflie_examples/lib/python3.12/site-packages/crazyflie_examples/data/multi_trajectory'...
[2.359s] Compiling '/home/namgeonwoo/COSHOW/ros2_ws/install/crazyflie_examples/lib/python3.12/site-packages/crazyflie_examples/figure8.py'...
[2.360s] Compiling '/home/namgeonwoo/COSHOW/ros2_ws/install/crazyflie_examples/lib/python3.12/site-packages/crazyflie_examples/goto_unicast.py'...
[2.360s] Compiling '/home/namgeonwoo/COSHOW/ros2_ws/install/crazyflie_examples/lib/python3.12/site-packages/crazyflie_examples/group_mask.py'...
[2.360s] Compiling '/home/namgeonwoo/COSHOW/ros2_ws/install/crazyflie_examples/lib/python3.12/site-packages/crazyflie_examples/hello_world.py'...
[2.360s] Compiling '/home/namgeonwoo/COSHOW/ros2_ws/install/crazyflie_examples/lib/python3.12/site-packages/crazyflie_examples/infinite_flight.py'...
[2.360s] Compiling '/home/namgeonwoo/COSHOW/ros2_ws/install/crazyflie_examples/lib/python3.12/site-packages/crazyflie_examples/multi_trajectory.py'...
[2.360s] Compiling '/home/namgeonwoo/COSHOW/ros2_ws/install/crazyflie_examples/lib/python3.12/site-packages/crazyflie_examples/nice_hover.py'...
[2.360s] Compiling '/home/namgeonwoo/COSHOW/ros2_ws/install/crazyflie_examples/lib/python3.12/site-packages/crazyflie_examples/set_param.py'...
[2.360s] Compiling '/home/namgeonwoo/COSHOW/ros2_ws/install/crazyflie_examples/lib/python3.12/site-packages/crazyflie_examples/simple_mapper_multiranger.py'...
[2.361s] Compiling '/home/namgeonwoo/COSHOW/ros2_ws/install/crazyflie_examples/lib/python3.12/site-packages/crazyflie_examples/swap.py'...
[2.361s] Compiling '/home/namgeonwoo/COSHOW/ros2_ws/install/crazyflie_examples/lib/python3.12/site-packages/crazyflie_examples/vel_mux.py'...
[2.365s] Invoked command in '/home/namgeonwoo/COSHOW/ros2_ws/build/crazyflie_examples' returned '0': AMENT_PREFIX_PATH=/home/namgeonwoo/COSHOW/ros2_ws/install/crazyflie_py:/home/namgeonwoo/COSHOW/ros2_ws/install/crazyflie_interfaces:${AMENT_PREFIX_PATH} CMAKE_PREFIX_PATH=/home/namgeonwoo/COSHOW/ros2_ws/install/crazyflie_interfaces:/opt/ros/jazzy/opt/sdformat_vendor:/opt/ros/jazzy/opt/gz_math_vendor:/opt/ros/jazzy/opt/gz_utils_vendor:/opt/ros/jazzy/opt/gz_tools_vendor:/opt/ros/jazzy/opt/gz_cmake_vendor:/opt/ros/jazzy DEBUGINFOD_URLS=https://debuginfod.ubuntu.com LD_LIBRARY_PATH=/home/namgeonwoo/COSHOW/ros2_ws/install/crazyflie_interfaces/lib:${LD_LIBRARY_PATH} PYTHONPATH=/home/namgeonwoo/COSHOW/ros2_ws/build/crazyflie_py:/home/namgeonwoo/COSHOW/ros2_ws/install/crazyflie_py/lib/python3.12/site-packages:/home/namgeonwoo/COSHOW/ros2_ws/install/crazyflie_interfaces/lib/python3.12/site-packages:${PYTHONPATH} /usr/bin/cmake --install /home/namgeonwoo/COSHOW/ros2_ws/build/crazyflie_examples
